Component: ARM Compiler 5.06 update 5 (build 528) Tool: armlink [4d35e2]

==============================================================================

Section Cross References

    startup_stm32f10x_md.o(STACK) refers (Special) to heapauxi.o(.text) for __use_two_region_memory
    startup_stm32f10x_md.o(HEAP) refers (Special) to heapauxi.o(.text) for __use_two_region_memory
    startup_stm32f10x_md.o(RESET) refers (Special) to heapauxi.o(.text) for __use_two_region_memory
    startup_stm32f10x_md.o(RESET) refers to startup_stm32f10x_md.o(STACK) for __initial_sp
    startup_stm32f10x_md.o(RESET) refers to startup_stm32f10x_md.o(.text) for Reset_Handler
    startup_stm32f10x_md.o(RESET) refers to stm32f10x_it.o(i.NMI_Handler) for NMI_Handler
    startup_stm32f10x_md.o(RESET) refers to stm32f10x_it.o(i.HardFault_Handler) for HardFault_Handler
    startup_stm32f10x_md.o(RESET) refers to stm32f10x_it.o(i.MemManage_Handler) for MemManage_Handler
    startup_stm32f10x_md.o(RESET) refers to stm32f10x_it.o(i.BusFault_Handler) for BusFault_Handler
    startup_stm32f10x_md.o(RESET) refers to stm32f10x_it.o(i.UsageFault_Handler) for UsageFault_Handler
    startup_stm32f10x_md.o(RESET) refers to stm32f10x_it.o(i.SVC_Handler) for SVC_Handler
    startup_stm32f10x_md.o(RESET) refers to stm32f10x_it.o(i.DebugMon_Handler) for DebugMon_Handler
    startup_stm32f10x_md.o(RESET) refers to stm32f10x_it.o(i.PendSV_Handler) for PendSV_Handler
    startup_stm32f10x_md.o(RESET) refers to stm32f10x_it.o(i.SysTick_Handler) for SysTick_Handler
    startup_stm32f10x_md.o(RESET) refers to usart.o(i.USART2_IRQHandler) for USART2_IRQHandler
    startup_stm32f10x_md.o(.text) refers (Special) to heapauxi.o(.text) for __use_two_region_memory
    startup_stm32f10x_md.o(.text) refers to system_stm32f10x.o(i.SystemInit) for SystemInit
    startup_stm32f10x_md.o(.text) refers to __main.o(!!!main) for __main
    startup_stm32f10x_md.o(.text) refers to startup_stm32f10x_md.o(HEAP) for Heap_Mem
    startup_stm32f10x_md.o(.text) refers to startup_stm32f10x_md.o(STACK) for Stack_Mem
    system_stm32f10x.o(i.SetSysClock) refers to system_stm32f10x.o(i.SetSysClockTo72) for SetSysClockTo72
    system_stm32f10x.o(i.SystemCoreClockUpdate) refers to system_stm32f10x.o(.data) for SystemCoreClock
    system_stm32f10x.o(i.SystemInit) refers to system_stm32f10x.o(i.SetSysClock) for SetSysClock
    stm32f10x_adc.o(i.ADC_DeInit) refers to stm32f10x_rcc.o(i.RCC_APB2PeriphResetCmd) for RCC_APB2PeriphResetCmd
    stm32f10x_bkp.o(i.BKP_DeInit) refers to stm32f10x_rcc.o(i.RCC_BackupResetCmd) for RCC_BackupResetCmd
    stm32f10x_can.o(i.CAN_DeInit) refers to stm32f10x_rcc.o(i.RCC_APB1PeriphResetCmd) for RCC_APB1PeriphResetCmd
    stm32f10x_can.o(i.CAN_GetITStatus) refers to stm32f10x_can.o(i.CheckITStatus) for CheckITStatus
    stm32f10x_cec.o(i.CEC_DeInit) refers to stm32f10x_rcc.o(i.RCC_APB1PeriphResetCmd) for RCC_APB1PeriphResetCmd
    stm32f10x_dac.o(i.DAC_DeInit) refers to stm32f10x_rcc.o(i.RCC_APB1PeriphResetCmd) for RCC_APB1PeriphResetCmd
    stm32f10x_flash.o(i.FLASH_EnableWriteProtection) refers to stm32f10x_flash.o(i.FLASH_WaitForLastOperation) for FLASH_WaitForLastOperation
    stm32f10x_flash.o(i.FLASH_EraseAllBank1Pages) refers to stm32f10x_flash.o(i.FLASH_WaitForLastBank1Operation) for FLASH_WaitForLastBank1Operation
    stm32f10x_flash.o(i.FLASH_EraseAllPages) refers to stm32f10x_flash.o(i.FLASH_WaitForLastOperation) for FLASH_WaitForLastOperation
    stm32f10x_flash.o(i.FLASH_EraseOptionBytes) refers to stm32f10x_flash.o(i.FLASH_GetReadOutProtectionStatus) for FLASH_GetReadOutProtectionStatus
    stm32f10x_flash.o(i.FLASH_EraseOptionBytes) refers to stm32f10x_flash.o(i.FLASH_WaitForLastOperation) for FLASH_WaitForLastOperation
    stm32f10x_flash.o(i.FLASH_ErasePage) refers to stm32f10x_flash.o(i.FLASH_WaitForLastOperation) for FLASH_WaitForLastOperation
    stm32f10x_flash.o(i.FLASH_ProgramHalfWord) refers to stm32f10x_flash.o(i.FLASH_WaitForLastOperation) for FLASH_WaitForLastOperation
    stm32f10x_flash.o(i.FLASH_ProgramOptionByteData) refers to stm32f10x_flash.o(i.FLASH_WaitForLastOperation) for FLASH_WaitForLastOperation
    stm32f10x_flash.o(i.FLASH_ProgramWord) refers to stm32f10x_flash.o(i.FLASH_WaitForLastOperation) for FLASH_WaitForLastOperation
    stm32f10x_flash.o(i.FLASH_ReadOutProtection) refers to stm32f10x_flash.o(i.FLASH_WaitForLastOperation) for FLASH_WaitForLastOperation
    stm32f10x_flash.o(i.FLASH_UserOptionByteConfig) refers to stm32f10x_flash.o(i.FLASH_WaitForLastOperation) for FLASH_WaitForLastOperation
    stm32f10x_flash.o(i.FLASH_WaitForLastBank1Operation) refers to stm32f10x_flash.o(i.FLASH_GetBank1Status) for FLASH_GetBank1Status
    stm32f10x_flash.o(i.FLASH_WaitForLastOperation) refers to stm32f10x_flash.o(i.FLASH_GetBank1Status) for FLASH_GetBank1Status
    stm32f10x_gpio.o(i.GPIO_AFIODeInit) refers to stm32f10x_rcc.o(i.RCC_APB2PeriphResetCmd) for RCC_APB2PeriphResetCmd
[...]
    i.PID_Pos_Set                            0x080021e0   Section        0  motor.o(i.PID_Pos_Set)
    i.PID_Vel_Set                            0x080021f4   Section        0  motor.o(i.PID_Vel_Set)
    i.PendSV_Handler                         0x08002208   Section        0  stm32f10x_it.o(i.PendSV_Handler)
    i.Pwm_Init                               0x0800220c   Section        0  pwm.o(i.Pwm_Init)
    i.RCC_ADCCLKConfig                       0x080022c8   Section        0  stm32f10x_rcc.o(i.RCC_ADCCLKConfig)
    i.RCC_APB1PeriphClockCmd                 0x080022e0   Section        0  stm32f10x_rcc.o(i.RCC_APB1PeriphClockCmd)
    i.RCC_APB1PeriphResetCmd                 0x08002300   Section        0  stm32f10x_rcc.o(i.RCC_APB1PeriphResetCmd)
    i.RCC_APB2PeriphClockCmd                 0x08002320   Section        0  stm32f10x_rcc.o(i.RCC_APB2PeriphClockCmd)
    i.RCC_APB2PeriphResetCmd                 0x08002340   Section        0  stm32f10x_rcc.o(i.RCC_APB2PeriphResetCmd)
    i.RCC_GetClocksFreq                      0x08002360   Section        0  stm32f10x_rcc.o(i.RCC_GetClocksFreq)
    i.SVC_Handler                            0x08002434   Section        0  stm32f10x_it.o(i.SVC_Handler)
    i.SetSysClock                            0x08002436   Section        0  system_stm32f10x.o(i.SetSysClock)
    SetSysClock                              0x08002437   Thumb Code     8  system_stm32f10x.o(i.SetSysClock)
    i.SetSysClockTo72                        0x08002440   Section        0  system_stm32f10x.o(i.SetSysClockTo72)
    SetSysClockTo72                          0x08002441   Thumb Code   214  system_stm32f10x.o(i.SetSysClockTo72)
    i.Set_Pwm                                0x08002520   Section        0  pwm.o(i.Set_Pwm)
    i.SysTick_Handler                        0x0800255c   Section        0  stm32f10x_it.o(i.SysTick_Handler)
    i.SystemInit                             0x08002560   Section        0  system_stm32f10x.o(i.SystemInit)
    i.TIM_ARRPreloadConfig                   0x080025c0   Section        0  stm32f10x_tim.o(i.TIM_ARRPreloadConfig)
    i.TIM_Cmd                                0x080025d8   Section        0  stm32f10x_tim.o(i.TIM_Cmd)
    i.TIM_CtrlPWMOutputs                     0x080025f0   Section        0  stm32f10x_tim.o(i.TIM_CtrlPWMOutputs)
    i.TIM_OC1Init                            0x08002610   Section        0  stm32f10x_tim.o(i.TIM_OC1Init)
    i.TIM_OC1PreloadConfig                   0x080026a8   Section        0  stm32f10x_tim.o(i.TIM_OC1PreloadConfig)
    i.TIM_OC2Init                            0x080026bc   Section        0  stm32f10x_tim.o(i.TIM_OC2Init)
    i.TIM_OC2PreloadConfig                   0x08002760   Section        0  stm32f10x_tim.o(i.TIM_OC2PreloadConfig)
    i.TIM_OC3Init                            0x0800277c   Section        0  stm32f10x_tim.o(i.TIM_OC3Init)
    i.TIM_OC3PreloadConfig                   0x0800281c   Section        0  stm32f10x_tim.o(i.TIM_OC3PreloadConfig)
    i.TIM_SetCompare1                        0x0800282e   Section        0  stm32f10x_tim.o(i.TIM_SetCompare1)
    i.TIM_SetCompare2                        0x08002832   Section        0  stm32f10x_tim.o(i.TIM_SetCompare2)
    i.TIM_SetCompare3                        0x08002836   Section        0  stm32f10x_tim.o(i.TIM_SetCompare3)
    i.TIM_TimeBaseInit                       0x0800283c   Section        0  stm32f10x_tim.o(i.TIM_TimeBaseInit)
    i.USART2_IRQHandler                      0x080028e0   Section        0  usart.o(i.USART2_IRQHandler)
    i.USART_ClearITPendingBit                0x08002950   Section        0  stm32f10x_usart.o(i.USART_ClearITPendingBit)
    i.USART_Cmd                              0x0800296e   Section        0  stm32f10x_usart.o(i.USART_Cmd)
    i.USART_GetITStatus                      0x08002986   Section        0  stm32f10x_usart.o(i.USART_GetITStatus)
    i.USART_ITConfig                         0x080029da   Section        0  stm32f10x_usart.o(i.USART_ITConfig)
    i.USART_Init                             0x08002a24   Section        0  stm32f10x_usart.o(i.USART_Init)
    i.USART_ReceiveData                      0x08002afc   Section        0  stm32f10x_usart.o(i.USART_ReceiveData)
    i.UsageFault_Handler                     0x08002b06   Section        0  stm32f10x_it.o(i.UsageFault_Handler)
    i.__ARM_fpclassify                       0x08002b0a   Section        0  fpclassify.o(i.__ARM_fpclassify)
    i.__ieee754_rem_pio2                     0x08002b34   Section        0  rred.o(i.__ieee754_rem_pio2)
    i.__kernel_cos                           0x08002ebc   Section        0  cos_i.o(i.__kernel_cos)
    i.__kernel_poly                          0x08002fb8   Section        0  poly.o(i.__kernel_poly)
    i.__kernel_sin                           0x08003064   Section        0  sin_i.o(i.__kernel_sin)
    i.__mathlib_dbl_infnan                   0x08003150   Section        0  dunder.o(i.__mathlib_dbl_infnan)
    i.__mathlib_dbl_infnan2                  0x08003156   Section        0  dunder.o(i.__mathlib_dbl_infnan2)
    i.__mathlib_dbl_invalid                  0x0800315a   Section        0  dunder.o(i.__mathlib_dbl_invalid)
    i.__mathlib_dbl_underflow                0x08003168   Section        0  dunder.o(i.__mathlib_dbl_underflow)
    i._electricalAngle                       0x08003178   Section        0  foc.o(i._electricalAngle)
    i._is_digit                              0x080031b8   Section        0  __printf_wp.o(i._is_digit)
    i._normalizeAngle                        0x080031c8   Section        0  foc.o(i._normalizeAngle)
    i._readADCVoltage                        0x0800321c   Section        0  adc.o(i._readADCVoltage)
    i._sys_exit                              0x08003260   Section        0  usart.o(i._sys_exit)
    i.analogRead                             0x08003264   Section        0  adc.o(i.analogRead)
    i.atan                                   0x08003298   Section        0  atan.o(i.atan)
    i.atan2                                  0x080034b8   Section        0  atan2.o(i.atan2)
    i.cal_Iq_Id                              0x08003638   Section        0  adc.o(i.cal_Iq_Id)
    i.cos                                    0x08003758   Section        0  cos.o(i.cos)
    i.fmod                                   0x080037f4   Section        0  fmod.o(i.fmod)
    i.fputc                                  0x08003888   Section        0  usart.o(i.fputc)
    i.main                                   0x080038a4   Section        0  main.o(i.main)
    i.setPhaseVoltage                        0x08003988   Section        0  foc.o(i.setPhaseVoltage)
    i.sin                                    0x08003db8   Section        0  sin.o(i.sin)
    i.sqrt                                   0x08003e58   Section        0  sqrt.o(i.sqrt)
    i.uart_init                              0x08003ea4   Section        0  usart.o(i.uart_init)
    i.velocityOpenloop                       0x08003f60   Section        0  motor.o(i.velocityOpenloop)
    locale$$code                             0x08004078   Section       44  lc_numeric_c.o(locale$$code)
    x$fpl$d2f                                0x080040a4   Section       98  d2f.o(x$fpl$d2f)
    x$fpl$dadd                               0x08004108   Section      336  daddsub_clz.o(x$fpl$dadd)
    _dadd1                                   0x08004119   Thumb Code     0  daddsub_clz.o(x$fpl$dadd)
    x$fpl$dcheck1                            0x08004258   Section       16  dcheck1.o(x$fpl$dcheck1)
    x$fpl$dcmpinf                            0x08004268   Section       24  dcmpi.o(x$fpl$dcmpinf)
    x$fpl$ddiv                               0x08004280   Section      688  ddiv.o(x$fpl$ddiv)
    ddiv_entry                               0x08004287   Thumb Code     0  ddiv.o(x$fpl$ddiv)
    x$fpl$dfix                               0x08004530   Section       94  dfix.o(x$fpl$dfix)
    x$fpl$dfixu                              0x08004590   Section       90  dfixu.o(x$fpl$dfixu)
    x$fpl$dflt                               0x080045ea   Section       46  dflt_clz.o(x$fpl$dflt)
    x$fpl$dfltu                              0x08004618   Section       38  dflt_clz.o(x$fpl$dfltu)
    x$fpl$dleqf                              0x08004640   Section      120  dleqf.o(x$fpl$dleqf)
    x$fpl$dmul                               0x080046b8   Section      340  dmul.o(x$fpl$dmul)
    x$fpl$dnaninf                            0x0800480c   Section      156  dnaninf.o(x$fpl$dnaninf)
    x$fpl$drem                               0x080048a8   Section      336  drem_clz.o(x$fpl$drem)
    x$fpl$dretinf                            0x080049f8   Section       12  dretinf.o(x$fpl$dretinf)
    x$fpl$drleqf                             0x08004a04   Section      108  drleqf.o(x$fpl$drleqf)
    x$fpl$drsb                               0x08004a70   Section       22  daddsub_clz.o(x$fpl$drsb)
    x$fpl$dsqrt                              0x08004a88   Section      460  dsqrt_noumaal.o(x$fpl$dsqrt)
    x$fpl$dsub                               0x08004c54   Section      468  daddsub_clz.o(x$fpl$dsub)
    _dsub1                                   0x08004c65   Thumb Code     0  daddsub_clz.o(x$fpl$dsub)
    x$fpl$f2d                                0x08004e28   Section       86  f2d.o(x$fpl$f2d)
    x$fpl$fadd                               0x08004e80   Section      196  faddsub_clz.o(x$fpl$fadd)
    _fadd1                                   0x08004e8f   Thumb Code     0  faddsub_clz.o(x$fpl$fadd)
    x$fpl$fcmpinf                            0x08004f44   Section       24  fcmpi.o(x$fpl$fcmpinf)
    x$fpl$fdiv                               0x08004f5c   Section      388  fdiv.o(x$fpl$fdiv)
    _fdiv1                                   0x08004f5d   Thumb Code     0  fdiv.o(x$fpl$fdiv)
    x$fpl$feqf                               0x080050e0   Section      104  feqf.o(x$fpl$feqf)
    x$fpl$ffix                               0x08005148   Section       54  ffix.o(x$fpl$ffix)
    x$fpl$ffixu                              0x08005180   Section       62  ffixu.o(x$fpl$ffixu)
    x$fpl$fflt                               0x080051c0   Section       48  fflt_clz.o(x$fpl$fflt)
    x$fpl$ffltu                              0x080051f0   Section       38  fflt_clz.o(x$fpl$ffltu)
    x$fpl$fleqf                              0x08005218   Section      104  fleqf.o(x$fpl$fleqf)
    x$fpl$fmul                               0x08005280   Section      258  fmul.o(x$fpl$fmul)
    x$fpl$fnaninf                            0x08005382   Section      140  fnaninf.o(x$fpl$fnaninf)
    x$fpl$fretinf                            0x0800540e   Section       10  fretinf.o(x$fpl$fretinf)
    x$fpl$frleqf                             0x08005418   Section       98  frleqf.o(x$fpl$frleqf)
    x$fpl$frsb                               0x0800547a   Section       20  faddsub_clz.o(x$fpl$frsb)
    x$fpl$fsub                               0x08005490   Section      234  faddsub_clz.o(x$fpl$fsub)
    _fsub1                                   0x0800549f   Thumb Code     0  faddsub_clz.o(x$fpl$fsub)
    x$fpl$printf1                            0x0800557a   Section        4  printf1.o(x$fpl$printf1)
    x$fpl$retnan                             0x0800557e   Section      100  retnan.o(x$fpl$retnan)
    x$fpl$scalbn                             0x080055e2   Section       92  scalbn.o(x$fpl$scalbn)
    x$fpl$trapveneer                         0x0800563e   Section       48  trapv.o(x$fpl$trapveneer)
    x$fpl$usenofp                            0x0800566e   Section        0  usenofp.o(x$fpl$usenofp)
    .constdata                               0x08005670   Section      152  atan.o(.constdata)
    atanhi                                   0x08005670   Data          32  atan.o(.constdata)
    atanlo                                   0x08005690   Data          32  atan.o(.constdata)
    aTodd                                    0x080056b0   Data          40  atan.o(.constdata)
    aTeven                                   0x080056d8   Data          48  atan.o(.constdata)
    .constdata                               0x08005708   Section       48  cos_i.o(.constdata)
    C                                        0x08005708   Data          48  cos_i.o(.constdata)
    .constdata                               0x08005738   Section        8  qnan.o(.constdata)
    .constdata                               0x08005740   Section      200  rred.o(.constdata)
    pio2s                                    0x08005740   Data          48  rred.o(.constdata)
    twooverpi                                0x08005770   Data         152  rred.o(.constdata)
    .constdata                               0x08005808   Section       40  sin_i.o(.constdata)
    S                                        0x08005808   Data          40  sin_i.o(.constdata)
    .constdata                               0x08005830   Section      148  bigflt0.o(.constdata)
    tenpwrs_x                                0x08005830   Data          60  bigflt0.o(.constdata)
    tenpwrs_i                                0x0800586c   Data          64  bigflt0.o(.constdata)
    locale$$data                             0x080058e4   Section       28  lc_numeric_c.o(locale$$data)
    __lcnum_c_name                           0x080058e8   Data           2  lc_numeric_c.o(locale$$data)
    __lcnum_c_start                          0x080058f0   Data           0  lc_numeric_c.o(locale$$data)
    __lcnum_c_point                          0x080058fc   Data           0  lc_numeric_c.o(locale$$data)
    __lcnum_c_thousands                      0x080058fe   Data           0  lc_numeric_c.o(locale$$data)
    __lcnum_c_grouping                       0x080058ff   Data           0  lc_numeric_c.o(locale$$data)
    __lcnum_c_end                            0x08005900   Data           0  lc_numeric_c.o(locale$$data)
    .data                                    0x20000000   Section       20  stm32f10x_rcc.o(.data)
    APBAHBPrescTable                         0x20000000   Data          16  stm32f10x_rcc.o(.data)
    ADCPrescTable                            0x20000010   Data           4  stm32f10x_rcc.o(.data)
    .data                                    0x20000014   Section       44  adc.o(.data)
    .data                                    0x20000040   Section       20  usart.o(.data)
    .data                                    0x20000054   Section       36  foc.o(.data)
    .data                                    0x20000078   Section       20  motor.o(.data)
    .bss                                     0x2000008c   Section      456  usart.o(.bss)
    .bss                                     0x20000254   Section      120  motor.o(.bss)
    .bss                                     0x200002cc   Section       24  lowpass.o(.bss)
    .bss                                     0x200002e4   Section       96  libspace.o(.bss)
    HEAP                                     0x20000348   Section      512  startup_stm32f10x_md.o(HEAP)
    Heap_Mem                                 0x20000348   Data         512  startup_stm32f10x_md.o(HEAP)
    STACK                                    0x20000548   Section     1024  startup_stm32f10x_md.o(STACK)
    Stack_Mem                                0x20000548   Data        1024  startup_stm32f10x_md.o(STACK)
    __initial_sp                             0x20000948   Data           0  startup_stm32f10x_md.o(STACK)

    Global Symbols

    Symbol Name                              Value     Ov Type        Size  Object(Section)

    BuildAttributes$$THM_ISAv4$P$D$K$B$S$PE$A:L22UL41UL21$X:L11$S22US41US21$IEEE1$IW$USESV6$~STKCKD$USESV7$~SHL$OTIME$ROPI$IEEEX$EBA8$UX$STANDARDLIB$REQ8$PRES8$EABIv2 0x00000000   Number         0  anon$$obj.o ABSOLUTE
    __ARM_use_no_argv                        0x00000000   Number         0  main.o ABSOLUTE
    _printf_flags                            0x00000000   Number         0  printf_stubs.o ABSOLUTE
    _printf_return_value                     0x00000000   Number         0  printf_stubs.o ABSOLUTE
    _printf_sizespec                         0x00000000   Number         0  printf_stubs.o ABSOLUTE
    _printf_widthprec                        0x00000000   Number         0  printf_stubs.o ABSOLUTE
    __ARM_exceptions_init                     - Undefined Weak Reference
    __alloca_initialize                       - Undefined Weak Reference
    __arm_preinit_                            - Undefined Weak Reference
    __cpp_initialize__aeabi_                  - Undefined Weak Reference
    __cxa_finalize                            - Undefined Weak Reference
    __sigvec_lookup                           - Undefined Weak Reference
    _atexit_init                              - Undefined Weak Reference
    _call_atexit_fns                          - Undefined Weak Reference
    _clock_init                               - Undefined Weak Reference
    _fp_trap_init                             - Undefined Weak Reference
    _fp_trap_shutdown                         - Undefined Weak Reference
    _get_lc_collate                           - Undefined Weak Reference
    _get_lc_ctype                             - Undefined Weak Reference
    _get_lc_monetary                          - Undefined Weak Reference
    _get_lc_time                              - Undefined Weak Reference
    _getenv_init                              - Undefined Weak Reference
    _handle_redirection                       - Undefined Weak Reference
    _init_alloc                               - Undefined Weak Reference
    _init_user_alloc                          - Undefined Weak Reference
    _initio                                   - Undefined Weak Reference
    _mutex_acquire                            - Undefined Weak Reference
    _mutex_release                            - Undefined Weak Reference
    _printf_post_padding                      - Undefined Weak Reference
    _printf_pre_padding                       - Undefined Weak Reference
    _rand_init                                - Undefined Weak Reference
    _signal_finish                            - Undefined Weak Reference
    _signal_init                              - Undefined Weak Reference
    _terminate_alloc                          - Undefined Weak Reference
    _terminate_user_alloc                     - Undefined Weak Reference
    _terminateio                              - Undefined Weak Reference
    __Vectors_Size                           0x000000ec   Number         0  startup_stm32f10x_md.o ABSOLUTE
    __Vectors                                0x08000000   Data           4  startup_stm32f10x_md.o(RESET)
    __Vectors_End                            0x080000ec   Data           0  startup_stm32f10x_md.o(RESET)
    __main                                   0x080000ed   Thumb Code     8  __main.o(!!!main)
    __scatterload                            0x080000f5   Thumb Code     0  __scatter.o(!!!scatter)
    __scatterload_rt2                        0x080000f5   Thumb Code    44  __scatter.o(!!!scatter)
    __scatterload_rt2_thumb_only             0x080000f5   Thumb Code     0  __scatter.o(!!!scatter)
    __scatterload_null                       0x08000103   Thumb Code     0  __scatter.o(!!!scatter)
    __scatterload_copy                       0x08000129   Thumb Code    26  __scatter_copy.o(!!handler_copy)
    __scatterload_zeroinit                   0x08000145   Thumb Code    28  __scatter_zi.o(!!handler_zi)
    _printf_f                                0x08000161   Thumb Code     0  _printf_f.o(.ARM.Collect$$_printf_percent$$00000003)
    _printf_percent                          0x08000161   Thumb Code     0  _printf_percent.o(.ARM.Collect$$_printf_percent$$00000000)
    _printf_percent_end                      0x08000167   Thumb Code     0  _printf_percent_end.o(.ARM.Collect$$_printf_percent$$00000017)
    __rt_lib_init                            0x0800016b   Thumb Code     0  libinit.o(.ARM.Collect$$libinit$$00000000)
    __rt_lib_init_fp_1                       0x0800016d   Thumb Code     0  libinit2.o(.ARM.Collect$$libinit$$00000002)
    __rt_lib_init_heap_1                     0x0800016d   Thumb Code     0  libinit2.o(.ARM.Collect$$libinit$$0000000A)
    __rt_lib_init_lc_common                  0x0800016d   Thumb Code     0  libinit2.o(.ARM.Collect$$libinit$$0000000F)
    __rt_lib_init_preinit_1                  0x0800016d   Thumb Code     0  libinit2.o(.ARM.Collect$$libinit$$00000004)
    __rt_lib_init_rand_1                     0x0800016d   Thumb Code     0  libinit2.o(.ARM.Collect$$libinit$$0000000E)
    __rt_lib_init_user_alloc_1               0x0800016d   Thumb Code     0  libinit2.o(.ARM.Collect$$libinit$$0000000C)
    __rt_lib_init_lc_collate_1               0x08000173   Thumb Code     0  libinit2.o(.ARM.Collect$$libinit$$00000011)
    __rt_lib_init_lc_ctype_1                 0x08000173   Thumb Code     0  libinit2.o(.ARM.Collect$$libinit$$00000013)
    __rt_lib_init_lc_monetary_1              0x08000173   Thumb Code     0  libinit2.o(.ARM.Collect$$libinit$$00000015)
    __rt_lib_init_lc_numeric_2               0x08000173   Thumb Code     0  libinit2.o(.ARM.Collect$$libinit$$00000016)
    __rt_lib_init_alloca_1                   0x0800017d   Thumb Code     0  libinit2.o(.ARM.Collect$$libinit$$0000002E)
    __rt_lib_init_argv_1                     0x0800017d   Thumb Code     0  libinit2.o(.ARM.Collect$$libinit$$0000002C)
    __rt_lib_init_atexit_1                   0x0800017d   Thumb Code     0  libinit2.o(.ARM.Collect$$libinit$$0000001B)
    __rt_lib_init_clock_1                    0x0800017d   Thumb Code     0  libinit2.o(.ARM.Collect$$libinit$$00000021)
    __rt_lib_init_cpp_1                      0x0800017d   Thumb Code     0  libinit2.o(.ARM.Collect$$libinit$$00000032)
    __rt_lib_init_exceptions_1               0x0800017d   Thumb Code     0  libinit2.o(.ARM.Collect$$libinit$$00000030)
    __rt_lib_init_fp_trap_1                  0x0800017d   Thumb Code     0  libinit2.o(.ARM.Collect$$libinit$$0000001F)
    __rt_lib_init_getenv_1                   0x0800017d   Thumb Code     0  libinit2.o(.ARM.Collect$$libinit$$00000023)
    __rt_lib_init_lc_numeric_1               0x0800017d   Thumb Code     0  libinit2.o(.ARM.Collect$$libinit$$00000017)
    __rt_lib_init_lc_time_1                  0x0800017d   Thumb Code     0  libinit2.o(.ARM.Collect$$libinit$$00000019)
    __rt_lib_init_return                     0x0800017d   Thumb Code     0  libinit2.o(.ARM.Collect$$libinit$$00000033)
    __rt_lib_init_signal_1                   0x0800017d   Thumb Code     0  libinit2.o(.ARM.Collect$$libinit$$0000001D)
    __rt_lib_init_stdio_1                    0x0800017d   Thumb Code     0  libinit2.o(.ARM.Collect$$libinit$$00000025)
    __rt_lib_shutdown                        0x0800017f   Thumb Code     0  libshutdown.o(.ARM.Collect$$libshutdown$$00000000)
    __rt_lib_shutdown_cpp_1                  0x08000181   Thumb Code     0  libshutdown2.o(.ARM.Collect$$libshutdown$$00000002)
    __rt_lib_shutdown_fp_trap_1              0x08000181   Thumb Code     0  libshutdown2.o(.ARM.Collect$$libshutdown$$00000007)
    __rt_lib_shutdown_heap_1                 0x08000181   Thumb Code     0  libshutdown2.o(.ARM.Collect$$libshutdown$$0000000F)
    __rt_lib_shutdown_return                 0x08000181   Thumb Code     0  libshutdown2.o(.ARM.Collect$$libshutdown$$00000010)
    __rt_lib_shutdown_signal_1               0x08000181   Thumb Code     0  libshutdown2.o(.ARM.Collect$$libshutdown$$0000000A)
    __rt_lib_shutdown_stdio_1                0x08000181   Thumb Code     0  libshutdown2.o(.ARM.Collect$$libshutdown$$00000004)
    __rt_lib_shutdown_user_alloc_1           0x08000181   Thumb Code     0  libshutdown2.o(.ARM.Collect$$libshutdown$$0000000C)
    __rt_entry                               0x08000183   Thumb Code     0  __rtentry.o(.ARM.Collect$$rtentry$$00000000)
    __rt_entry_presh_1                       0x08000183   Thumb Code     0  __rtentry2.o(.ARM.Collect$$rtentry$$00000002)
    __rt_entry_sh                            0x08000183   Thumb Code     0  __rtentry4.o(.ARM.Collect$$rtentry$$00000004)
    __rt_entry_li                            0x08000189   Thumb Code     0  __rtentry2.o(.ARM.Collect$$rtentry$$0000000A)
    __rt_entry_postsh_1                      0x08000189   Thumb Code     0  __rtentry2.o(.ARM.Collect$$rtentry$$00000009)
    __rt_entry_main                          0x0800018d   Thumb Code     0  __rtentry2.o(.ARM.Collect$$rtentry$$0000000D)
    __rt_entry_postli_1                      0x0800018d   Thumb Code     0  __rtentry2.o(.ARM.Collect$$rtentry$$0000000C)
    __rt_exit                                0x08000195   Thumb Code     0  rtexit.o(.ARM.Collect$$rtexit$$00000000)
    __rt_exit_ls                             0x08000197   Thumb Code     0  rtexit2.o(.ARM.Collect$$rtexit$$00000003)
    __rt_exit_prels_1                        0x08000197   Thumb Code     0  rtexit2.o(.ARM.Collect$$rtexit$$00000002)
    __rt_exit_exit                           0x0800019b   Thumb Code     0  rtexit2.o(.ARM.Collect$$rtexit$$00000004)
    Reset_Handler                            0x080001a1   Thumb Code     8  startup_stm32f10x_md.o(.text)
    ADC1_2_IRQHandler                        0x080001bb   Thumb Code     0  startup_stm32f10x_md.o(.text)
    CAN1_RX1_IRQHandler                      0x080001bb   Thumb Code     0  startup_stm32f10x_md.o(.text)
    CAN1_SCE_IRQHandler                      0x080001bb   Thumb Code     0  startup_stm32f10x_md.o(.text)
    DMA1_Channel1_IRQHandler                 0x080001bb   Thumb Code     0  startup_stm32f10x_md.o(.text)
    DMA1_Channel2_IRQHandler                 0x080001bb   Thumb Code     0  startup_stm32f10x_md.o(.text)
    DMA1_Channel3_IRQHandler                 0x080001bb   Thumb Code     0  startup_stm32f10x_md.o(.text)
    DMA1_Channel4_IRQHandler                 0x080001bb   Thumb Code     0  startup_stm32f10x_md.o(.text)
    DMA1_Channel5_IRQHandler                 0x080001bb   Thumb Code     0  startup_stm32f10x_md.o(.text)
    DMA1_Channel6_IRQHandler                 0x080001bb   Thumb Code     0  startup_stm32f10x_md.o(.text)
    DMA1_Channel7_IRQHandler                 0x080001bb   Thumb Code     0  startup_stm32f10x_md.o(.text)
    EXTI0_IRQHandler                         0x080001bb   Thumb Code     0  startup_stm32f10x_md.o(.text)
    EXTI15_10_IRQHandler                     0x080001bb   Thumb Code     0  startup_stm32f10x_md.o(.text)
    EXTI1_IRQHandler                         0x080001bb   Thumb Code     0  startup_stm32f10x_md.o(.text)
    EXTI2_IRQHandler                         0x080001bb   Thumb Code     0  startup_stm32f10x_md.o(.text)
    EXTI3_IRQHandler                         0x080001bb   Thumb Code     0  startup_stm32f10x_md.o(.text)
    EXTI4_IRQHandler                         0x080001bb   Thumb Code     0  startup_stm32f10x_md.o(.text)
    EXTI9_5_IRQHandler                       0x080001bb   Thumb Code     0  startup_stm32f10x_md.o(.text)
    FLASH_IRQHandler                         0x080001bb   Thumb Code     0  startup_stm32f10x_md.o(.text)
    I2C1_ER_IRQHandler                       0x080001bb   Thumb Code     0  startup_stm32f10x_md.o(.text)
    I2C1_EV_IRQHandler                       0x080001bb   Thumb Code     0  startup_stm32f10x_md.o(.text)
    I2C2_ER_IRQHandler                       0x080001bb   Thumb Code     0  startup_stm32f10x_md.o(.text)
    I2C2_EV_IRQHandler                       0x080001bb   Thumb Code     0  startup_stm32f10x_md.o(.text)
    PVD_IRQHandler                           0x080001bb   Thumb Code     0  startup_stm32f10x_md.o(.text)
    RCC_IRQHandler                           0x080001bb   Thumb Code     0  startup_stm32f10x_md.o(.text)
    RTCAlarm_IRQHandler                      0x080001bb   Thumb Code     0  startup_stm32f10x_md.o(.text)
    RTC_IRQHandler                           0x080001bb   Thumb Code     0  startup_stm32f10x_md.o(.text)
    SPI1_IRQHandler                          0x080001bb   Thumb Code     0  startup_stm32f10x_md.o(.text)
    SPI2_IRQHandler                          0x080001bb   Thumb Code     0  startup_stm32f10x_md.o(.text)
    TAMPER_IRQHandler                        0x080001bb   Thumb Code     0  startup_stm32f10x_md.o(.text)
    TIM1_BRK_IRQHandler                      0x080001bb   Thumb Code     0  startup_stm32f10x_md.o(.text)
    TIM1_CC_IRQHandler                       0x080001bb   Thumb Code     0  startup_stm32f10x_md.o(.text)
    TIM1_TRG_COM_IRQHandler                  0x080001bb   Thumb Code     0  startup_stm32f10x_md.o(.text)
    TIM1_UP_IRQHandler                       0x080001bb   Thumb Code     0  startup_stm32f10x_md.o(.text)
    TIM2_IRQHandler                          0x080001bb   Thumb Code     0  startup_stm32f10x_md.o(.text)
    TIM3_IRQHandler                          0x080001bb   Thumb Code     0  startup_stm32f10x_md.o(.text)
    TIM4_IRQHandler                          0x080001bb   Thumb Code     0  startup_stm32f10x_md.o(.text)
    USART1_IRQHandler                        0x080001bb   Thumb Code     0  startup_stm32f10x_md.o(.text)
    USART3_IRQHandler                        0x080001bb   Thumb Code     0  startup_stm32f10x_md.o(.text)
    USBWakeUp_IRQHandler                     0x080001bb   Thumb Code     0  startup_stm32f10x_md.o(.text)
    USB_HP_CAN1_TX_IRQHandler                0x080001bb   Thumb Code     0  startup_stm32f10x_md.o(.text)
    USB_LP_CAN1_RX0_IRQHandler               0x080001bb   Thumb Code     0  startup_stm32f10x_md.o(.text)
    WWDG_IRQHandler                          0x080001bb   Thumb Code     0  startup_stm32f10x_md.o(.text)
    __user_initial_stackheap                 0x080001bd   Thumb Code     0  startup_stm32f10x_md.o(.text)
    __use_no_semihosting                     0x080001e1   Thumb Code     2  use_no_semi_2.o(.text)
    __2printf                                0x080001e5   Thumb Code    20  noretval__2printf.o(.text)
    __printf                                 0x080001fd   Thumb Code   270  __printf_wp.o(.text)
    __aeabi_memclr                           0x0800030b   Thumb Code     0  rt_memclr.o(.text)
    __rt_memclr                              0x0800030b   Thumb Code    68  rt_memclr.o(.text)
    _memset                                  0x0800030f   Thumb Code     0  rt_memclr.o(.text)
    __use_two_region_memory                  0x0800034f   Thumb Code     2  heapauxi.o(.text)
    __rt_heap_escrow$2region                 0x08000351   Thumb Code     2  heapauxi.o(.text)
    __rt_heap_expand$2region                 0x08000353   Thumb Code     2  heapauxi.o(.text)
    __I$use$semihosting                      0x08000355   Thumb Code     0  use_no_semi.o(.text)
    __use_no_semihosting_swi                 0x08000355   Thumb Code     2  use_no_semi.o(.text)
    __read_errno                             0x08000357   Thumb Code    10  _rserrno.o(.text)
    __set_errno                              0x08000361   Thumb Code    12  _rserrno.o(.text)
    __lib_sel_fp_printf                      0x0800036d   Thumb Code     2  _printf_fp_dec.o(.text)
    _printf_fp_dec_real                      0x0800051f   Thumb Code   620  _printf_fp_dec.o(.text)
    _printf_char_file                        0x0800078d   Thumb Code    32  _printf_char_file.o(.text)
    __aeabi_memclr4                          0x080007b1   Thumb Code     0  rt_memclr_w.o(.text)
    __aeabi_memclr8                          0x080007b1   Thumb Code     0  rt_memclr_w.o(.text)
    __rt_memclr_w                            0x080007b1   Thumb Code    78  rt_memclr_w.o(.text)
    _memset_w                                0x080007b5   Thumb Code     0  rt_memclr_w.o(.text)
    __rt_locale                              0x08000801   Thumb Code     8  rt_locale_intlibspace.o(.text)
    __aeabi_errno_addr                       0x08000809   Thumb Code     8  rt_errno_addr_intlibspace.o(.text)
    __errno$intlibspace                      0x08000809   Thumb Code     0  rt_errno_addr_intlibspace.o(.text)
    __rt_errno_addr$intlibspace              0x08000809   Thumb Code     0  rt_errno_addr_intlibspace.o(.text)
    _ll_udiv10                               0x08000811   Thumb Code   138  lludiv10.o(.text)
    _printf_char_common                      0x080008a7   Thumb Code    32  _printf_char_common.o(.text)
    _printf_fp_infnan                        0x080008cd   Thumb Code   112  _printf_fp_infnan.o(.text)
    _btod_etento                             0x0800094d   Thumb Code   224  bigflt0.o(.text)
    ferror                                   0x08000a31   Thumb Code     8  ferror.o(.text)
    __user_libspace                          0x08000a39   Thumb Code     8  libspace.o(.text)
    __user_perproc_libspace                  0x08000a39   Thumb Code     0  libspace.o(.text)
    __user_perthread_libspace                0x08000a39   Thumb Code     0  libspace.o(.text)
    __user_setup_stackheap                   0x08000a41   Thumb Code    74  sys_stackheap_outer.o(.text)
    exit                                     0x08000a8b   Thumb Code    18  exit.o(.text)
    strcmp                                   0x08000a9d   Thumb Code   128  strcmpv7m.o(.text)
    _btod_d2e                                0x08000b1d   Thumb Code    62  btod.o(CL$$btod_d2e)
    _d2e_denorm_low                          0x08000b5b   Thumb Code    70  btod.o(CL$$btod_d2e_denorm_low)
    _d2e_norm_op1                            0x08000ba1   Thumb Code    96  btod.o(CL$$btod_d2e_norm_op1)
    __btod_div_common                        0x08000c01   Thumb Code   696  btod.o(CL$$btod_div_common)
    _e2e                                     0x08000f39   Thumb Code   220  btod.o(CL$$btod_e2e)
    _btod_ediv                               0x08001015   Thumb Code    42  btod.o(CL$$btod_ediv)
    _btod_emul                               0x0800103f   Thumb Code    42  btod.o(CL$$btod_emul)
    __btod_mult_common                       0x08001069   Thumb Code   580  btod.o(CL$$btod_mult_common)
    ADC_Cmd                                  0x080012ad   Thumb Code    22  stm32f10x_adc.o(i.ADC_Cmd)
    ADC_DeInit                               0x080012c5   Thumb Code    78  stm32f10x_adc.o(i.ADC_DeInit)
    ADC_GetCalibrationStatus                 0x08001321   Thumb Code    20  stm32f10x_adc.o(i.ADC_GetCalibrationStatus)
    ADC_GetConversionValue                   0x08001335   Thumb Code     8  stm32f10x_adc.o(i.ADC_GetConversionValue)
    ADC_GetFlagStatus                        0x0800133d   Thumb Code    18  stm32f10x_adc.o(i.ADC_GetFlagStatus)
    ADC_GetResetCalibrationStatus            0x0800134f   Thumb Code    20  stm32f10x_adc.o(i.ADC_GetResetCalibrationStatus)
    ADC_Init                                 0x08001365   Thumb Code    70  stm32f10x_adc.o(i.ADC_Init)
    ADC_Init_                                0x080013b5   Thumb Code   132  adc.o(i.ADC_Init_)
    ADC_RegularChannelConfig                 0x08001441   Thumb Code   184  stm32f10x_adc.o(i.ADC_RegularChannelConfig)
    ADC_ResetCalibration                     0x080014f9   Thumb Code    10  stm32f10x_adc.o(i.ADC_ResetCalibration)
    ADC_SoftwareStartConvCmd                 0x08001503   Thumb Code    22  stm32f10x_adc.o(i.ADC_SoftwareStartConvCmd)
    ADC_StartCalibration                     0x08001519   Thumb Code    10  stm32f10x_adc.o(i.ADC_StartCalibration)
    As5600_Init                              0x08001525   Thumb Code   106  as5600.o(i.As5600_Init)
    BusFault_Handler                         0x0800159d   Thumb Code     4  stm32f10x_it.o(i.BusFault_Handler)
    CurrSense_getPhaseCurrents               0x080015a1   Thumb Code    72  adc.o(i.CurrSense_getPhaseCurrents)
    CurrSense_init                           0x08001601   Thumb Code    78  adc.o(i.CurrSense_init)
    Current_calibrateOffsets                 0x0800166d   Thumb Code   104  adc.o(i.Current_calibrateOffsets)
    DebugMon_Handler                         0x080016e1   Thumb Code     2  stm32f10x_it.o(i.DebugMon_Handler)
    Delay_ms                                 0x080016e3   Thumb Code    24  delay.o(i.Delay_ms)
    Delay_us                                 0x080016fb   Thumb Code    46  delay.o(i.Delay_us)
    GPIO_En_init                             0x08001729   Thumb Code    58  pwm.o(i.GPIO_En_init)
    GPIO_Init                                0x0800176d   Thumb Code   278  stm32f10x_gpio.o(i.GPIO_Init)
    GPIO_PinRemapConfig                      0x08001885   Thumb Code   138  stm32f10x_gpio.o(i.GPIO_PinRemapConfig)
    GPIO_SetBits                             0x08001915   Thumb Code     4  stm32f10x_gpio.o(i.GPIO_SetBits)
    Get_Angel_Notrack                        0x08001919   Thumb Code    56  as5600.o(i.Get_Angel_Notrack)
    Get_Current                              0x08001969   Thumb Code    42  adc.o(i.Get_Current)
    Get_Data                                 0x080019a1   Thumb Code   380  usart.o(i.Get_Data)
    HardFault_Handler                        0x08001b29   Thumb Code     4  stm32f10x_it.o(i.HardFault_Handler)
    I2C_Cmd                                  0x08001b2d   Thumb Code    24  stm32f10x_i2c.o(i.I2C_Cmd)
    I2C_GenerateSTOP                         0x08001b45   Thumb Code    24  stm32f10x_i2c.o(i.I2C_GenerateSTOP)
    I2C_Init                                 0x08001b5d   Thumb Code   222  stm32f10x_i2c.o(i.I2C_Init)
    I2C_getRawCount                          0x08001c49   Thumb Code   256  as5600.o(i.I2C_getRawCount)
    LOWPass_Init                             0x08001d49   Thumb Code    30  lowpass.o(i.LOWPass_Init)
    LowPassFilter_operator                   0x08001d79   Thumb Code   214  lowpass.o(i.LowPassFilter_operator)
    MemManage_Handler                        0x08001e65   Thumb Code     4  stm32f10x_it.o(i.MemManage_Handler)
    Motor_init                               0x08001e69   Thumb Code   224  motor.o(i.Motor_init)
    NMI_Handler                              0x08001f65   Thumb Code     2  stm32f10x_it.o(i.NMI_Handler)
    NVIC_Init                                0x08001f69   Thumb Code   100  misc.o(i.NVIC_Init)
    NVIC_PriorityGroupConfig                 0x08001fd9   Thumb Code    10  misc.o(i.NVIC_PriorityGroupConfig)
    PID_Adjust                               0x08001fed   Thumb Code   444  usart.o(i.PID_Adjust)
    PID_Cur_Set                              0x080021cd   Thumb Code    14  motor.o(i.PID_Cur_Set)
    PID_Pos_Set                              0x080021e1   Thumb Code    14  motor.o(i.PID_Pos_Set)
    PID_Vel_Set                              0x080021f5   Thumb Code    14  motor.o(i.PID_Vel_Set)
    PendSV_Handler                           0x08002209   Thumb Code     2  stm32f10x_it.o(i.PendSV_Handler)
    Pwm_Init                                 0x0800220d   Thumb Code   178  pwm.o(i.Pwm_Init)
    RCC_ADCCLKConfig                         0x080022c9   Thumb Code    18  stm32f10x_rcc.o(i.RCC_ADCCLKConfig)
    RCC_APB1PeriphClockCmd                   0x080022e1   Thumb Code    26  stm32f10x_rcc.o(i.RCC_APB1PeriphClockCmd)
    RCC_APB1PeriphResetCmd                   0x08002301   Thumb Code    26  stm32f10x_rcc.o(i.RCC_APB1PeriphResetCmd)
    RCC_APB2PeriphClockCmd                   0x08002321   Thumb Code    26  stm32f10x_rcc.o(i.RCC_APB2PeriphClockCmd)
    RCC_APB2PeriphResetCmd                   0x08002341   Thumb Code    26  stm32f10x_rcc.o(i.RCC_APB2PeriphResetCmd)
    RCC_GetClocksFreq                        0x08002361   Thumb Code   192  stm32f10x_rcc.o(i.RCC_GetClocksFreq)
    SVC_Handler                              0x08002435   Thumb Code     2  stm32f10x_it.o(i.SVC_Handler)
    Set_Pwm                                  0x08002521   Thumb Code    54  pwm.o(i.Set_Pwm)
    SysTick_Handler                          0x0800255d   Thumb Code     2  stm32f10x_it.o(i.SysTick_Handler)
    SystemInit                               0x08002561   Thumb Code    78  system_stm32f10x.o(i.SystemInit)
    TIM_ARRPreloadConfig                     0x080025c1   Thumb Code    24  stm32f10x_tim.o(i.TIM_ARRPreloadConfig)
    TIM_Cmd                                  0x080025d9   Thumb Code    24  stm32f10x_tim.o(i.TIM_Cmd)
    TIM_CtrlPWMOutputs                       0x080025f1   Thumb Code    30  stm32f10x_tim.o(i.TIM_CtrlPWMOutputs)
    TIM_OC1Init                              0x08002611   Thumb Code   132  stm32f10x_tim.o(i.TIM_OC1Init)
    TIM_OC1PreloadConfig                     0x080026a9   Thumb Code    18  stm32f10x_tim.o(i.TIM_OC1PreloadConfig)
    TIM_OC2Init                              0x080026bd   Thumb Code   154  stm32f10x_tim.o(i.TIM_OC2Init)
    TIM_OC2PreloadConfig                     0x08002761   Thumb Code    26  stm32f10x_tim.o(i.TIM_OC2PreloadConfig)
    TIM_OC3Init                              0x0800277d   Thumb Code   150  stm32f10x_tim.o(i.TIM_OC3Init)
    TIM_OC3PreloadConfig                     0x0800281d   Thumb Code    18  stm32f10x_tim.o(i.TIM_OC3PreloadConfig)
    TIM_SetCompare1                          0x0800282f   Thumb Code     4  stm32f10x_tim.o(i.TIM_SetCompare1)
    TIM_SetCompare2                          0x08002833   Thumb Code     4  stm32f10x_tim.o(i.TIM_SetCompare2)
    TIM_SetCompare3                          0x08002837   Thumb Code     4  stm32f10x_tim.o(i.TIM_SetCompare3)
    TIM_TimeBaseInit                         0x0800283d   Thumb Code   122  stm32f10x_tim.o(i.TIM_TimeBaseInit)
    USART2_IRQHandler                        0x080028e1   Thumb Code    96  usart.o(i.USART2_IRQHandler)
    USART_ClearITPendingBit                  0x08002951   Thumb Code    30  stm32f10x_usart.o(i.USART_ClearITPendingBit)
    USART_Cmd                                0x0800296f   Thumb Code    24  stm32f10x_usart.o(i.USART_Cmd)
    USART_GetITStatus                        0x08002987   Thumb Code    84  stm32f10x_usart.o(i.USART_GetITStatus)
    USART_ITConfig                           0x080029db   Thumb Code    74  stm32f10x_usart.o(i.USART_ITConfig)
    USART_Init                               0x08002a25   Thumb Code   210  stm32f10x_usart.o(i.USART_Init)
    USART_ReceiveData                        0x08002afd   Thumb Code    10  stm32f10x_usart.o(i.USART_ReceiveData)
    UsageFault_Handler                       0x08002b07   Thumb Code     4  stm32f10x_it.o(i.UsageFault_Handler)
    __ARM_fpclassify                         0x08002b0b   Thumb Code    40  fpclassify.o(i.__ARM_fpclassify)
    __ieee754_rem_pio2                       0x08002b35   Thumb Code   828  rred.o(i.__ieee754_rem_pio2)
    __kernel_cos                             0x08002ebd   Thumb Code   230  cos_i.o(i.__kernel_cos)
    __kernel_poly                            0x08002fb9   Thumb Code   170  poly.o(i.__kernel_poly)
    __kernel_sin                             0x08003065   Thumb Code   224  sin_i.o(i.__kernel_sin)
    __mathlib_dbl_infnan                     0x08003151   Thumb Code     6  dunder.o(i.__mathlib_dbl_infnan)
    __mathlib_dbl_infnan2                    0x08003157   Thumb Code     4  dunder.o(i.__mathlib_dbl_infnan2)
    __mathlib_dbl_invalid                    0x0800315b   Thumb Code    12  dunder.o(i.__mathlib_dbl_invalid)
    __mathlib_dbl_underflow                  0x08003169   Thumb Code    10  dunder.o(i.__mathlib_dbl_underflow)
    _electricalAngle                         0x08003179   Thumb Code    52  foc.o(i._electricalAngle)
    _is_digit                                0x080031b9   Thumb Code    14  __printf_wp.o(i._is_digit)
    _normalizeAngle                          0x080031c9   Thumb Code    74  foc.o(i._normalizeAngle)
    _readADCVoltage                          0x0800321d   Thumb Code    58  adc.o(i._readADCVoltage)
    _sys_exit                                0x08003261   Thumb Code     4  usart.o(i._sys_exit)
    analogRead                               0x08003265   Thumb Code    46  adc.o(i.analogRead)
    atan                                     0x08003299   Thumb Code   474  atan.o(i.atan)
    atan2                                    0x080034b9   Thumb Code   346  atan2.o(i.atan2)
    cal_Iq_Id                                0x08003639   Thumb Code   276  adc.o(i.cal_Iq_Id)
    cos                                      0x08003759   Thumb Code   148  cos.o(i.cos)
    fmod                                     0x080037f5   Thumb Code   144  fmod.o(i.fmod)
    fputc                                    0x08003889   Thumb Code    24  usart.o(i.fputc)
    main                                     0x080038a5   Thumb Code   164  main.o(i.main)
    setPhaseVoltage                          0x08003989   Thumb Code  1072  foc.o(i.setPhaseVoltage)
    sin                                      0x08003db9   Thumb Code   150  sin.o(i.sin)
    sqrt                                     0x08003e59   Thumb Code    76  sqrt.o(i.sqrt)
    uart_init                                0x08003ea5   Thumb Code   178  usart.o(i.uart_init)
    velocityOpenloop                         0x08003f61   Thumb Code   242  motor.o(i.velocityOpenloop)
    _get_lc_numeric                          0x08004079   Thumb Code    44  lc_numeric_c.o(locale$$code)
    __aeabi_d2f                              0x080040a5   Thumb Code     0  d2f.o(x$fpl$d2f)
    _d2f                                     0x080040a5   Thumb Code    98  d2f.o(x$fpl$d2f)
    __aeabi_dadd                             0x08004109   Thumb Code     0  daddsub_clz.o(x$fpl$dadd)
    _dadd                                    0x08004109   Thumb Code   332  daddsub_clz.o(x$fpl$dadd)
    __fpl_dcheck_NaN1                        0x08004259   Thumb Code    10  dcheck1.o(x$fpl$dcheck1)
    __fpl_dcmp_Inf                           0x08004269   Thumb Code    24  dcmpi.o(x$fpl$dcmpinf)
    __aeabi_ddiv                             0x08004281   Thumb Code     0  ddiv.o(x$fpl$ddiv)
    _ddiv                                    0x08004281   Thumb Code   552  ddiv.o(x$fpl$ddiv)
    __aeabi_d2iz                             0x08004531   Thumb Code     0  dfix.o(x$fpl$dfix)
    _dfix                                    0x08004531   Thumb Code    94  dfix.o(x$fpl$dfix)
    __aeabi_d2uiz                            0x08004591   Thumb Code     0  dfixu.o(x$fpl$dfixu)
    _dfixu                                   0x08004591   Thumb Code    90  dfixu.o(x$fpl$dfixu)
    __aeabi_i2d                              0x080045eb   Thumb Code     0  dflt_clz.o(x$fpl$dflt)
    _dflt                                    0x080045eb   Thumb Code    46  dflt_clz.o(x$fpl$dflt)
    __aeabi_ui2d                             0x08004619   Thumb Code     0  dflt_clz.o(x$fpl$dfltu)
    _dfltu                                   0x08004619   Thumb Code    38  dflt_clz.o(x$fpl$dfltu)
    __aeabi_cdcmple                          0x08004641   Thumb Code     0  dleqf.o(x$fpl$dleqf)
    _dcmple                                  0x08004641   Thumb Code   120  dleqf.o(x$fpl$dleqf)
    __fpl_dcmple_InfNaN                      0x080046a3   Thumb Code     0  dleqf.o(x$fpl$dleqf)
    __aeabi_dmul                             0x080046b9   Thumb Code     0  dmul.o(x$fpl$dmul)
    _dmul                                    0x080046b9   Thumb Code   332  dmul.o(x$fpl$dmul)
    __fpl_dnaninf                            0x0800480d   Thumb Code   156  dnaninf.o(x$fpl$dnaninf)
    _drem                                    0x080048a9   Thumb Code   328  drem_clz.o(x$fpl$drem)
    __fpl_dretinf                            0x080049f9   Thumb Code    12  dretinf.o(x$fpl$dretinf)
    __aeabi_cdrcmple                         0x08004a05   Thumb Code     0  drleqf.o(x$fpl$drleqf)
    _drcmple                                 0x08004a05   Thumb Code   108  drleqf.o(x$fpl$drleqf)
    __aeabi_drsub                            0x08004a71   Thumb Code     0  daddsub_clz.o(x$fpl$drsb)
    _drsb                                    0x08004a71   Thumb Code    22  daddsub_clz.o(x$fpl$drsb)
    _dsqrt                                   0x08004a89   Thumb Code   456  dsqrt_noumaal.o(x$fpl$dsqrt)
    __aeabi_dsub                             0x08004c55   Thumb Code     0  daddsub_clz.o(x$fpl$dsub)
    _dsub                                    0x08004c55   Thumb Code   464  daddsub_clz.o(x$fpl$dsub)
    __aeabi_f2d                              0x08004e29   Thumb Code     0  f2d.o(x$fpl$f2d)
    _f2d                                     0x08004e29   Thumb Code    86  f2d.o(x$fpl$f2d)
    __aeabi_fadd                             0x08004e81   Thumb Code     0  faddsub_clz.o(x$fpl$fadd)
    _fadd                                    0x08004e81   Thumb Code   196  faddsub_clz.o(x$fpl$fadd)
    __fpl_fcmp_Inf                           0x08004f45   Thumb Code    24  fcmpi.o(x$fpl$fcmpinf)
    __aeabi_fdiv                             0x08004f5d   Thumb Code     0  fdiv.o(x$fpl$fdiv)
    _fdiv                                    0x08004f5d   Thumb Code   384  fdiv.o(x$fpl$fdiv)
    __aeabi_cfcmpeq                          0x080050e1   Thumb Code     0  feqf.o(x$fpl$feqf)
    _fcmpeq                                  0x080050e1   Thumb Code   104  feqf.o(x$fpl$feqf)
    __aeabi_f2iz                             0x08005149   Thumb Code     0  ffix.o(x$fpl$ffix)
    _ffix                                    0x08005149   Thumb Code    54  ffix.o(x$fpl$ffix)
    __aeabi_f2uiz                            0x08005181   Thumb Code     0  ffixu.o(x$fpl$ffixu)
    _ffixu                                   0x08005181   Thumb Code    62  ffixu.o(x$fpl$ffixu)
    __aeabi_i2f                              0x080051c1   Thumb Code     0  fflt_clz.o(x$fpl$fflt)
    _fflt                                    0x080051c1   Thumb Code    48  fflt_clz.o(x$fpl$fflt)
    __aeabi_ui2f                             0x080051f1   Thumb Code     0  fflt_clz.o(x$fpl$ffltu)
    _ffltu                                   0x080051f1   Thumb Code    38  fflt_clz.o(x$fpl$ffltu)
    __aeabi_cfcmple                          0x08005219   Thumb Code     0  fleqf.o(x$fpl$fleqf)
    _fcmple                                  0x08005219   Thumb Code   104  fleqf.o(x$fpl$fleqf)
    __fpl_fcmple_InfNaN                      0x0800526b   Thumb Code     0  fleqf.o(x$fpl$fleqf)
    __aeabi_fmul                             0x08005281   Thumb Code     0  fmul.o(x$fpl$fmul)
    _fmul                                    0x08005281   Thumb Code   258  fmul.o(x$fpl$fmul)
    __fpl_fnaninf                            0x08005383   Thumb Code   140  fnaninf.o(x$fpl$fnaninf)
    __fpl_fretinf                            0x0800540f   Thumb Code    10  fretinf.o(x$fpl$fretinf)
    __aeabi_cfrcmple                         0x08005419   Thumb Code     0  frleqf.o(x$fpl$frleqf)
    _frcmple                                 0x08005419   Thumb Code    98  frleqf.o(x$fpl$frleqf)
    __aeabi_frsub                            0x0800547b   Thumb Code     0  faddsub_clz.o(x$fpl$frsb)
    _frsb                                    0x0800547b   Thumb Code    20  faddsub_clz.o(x$fpl$frsb)
    __aeabi_fsub                             0x08005491   Thumb Code     0  faddsub_clz.o(x$fpl$fsub)
    _fsub                                    0x08005491   Thumb Code   234  faddsub_clz.o(x$fpl$fsub)
    _printf_fp_dec                           0x0800557b   Thumb Code     4  printf1.o(x$fpl$printf1)
    __fpl_return_NaN                         0x0800557f   Thumb Code   100  retnan.o(x$fpl$retnan)
    __ARM_scalbn                             0x080055e3   Thumb Code    92  scalbn.o(x$fpl$scalbn)
    __fpl_cmpreturn                          0x0800563f   Thumb Code    48  trapv.o(x$fpl$trapveneer)
    __I$use$fp                               0x0800566e   Number         0  usenofp.o(x$fpl$usenofp)
    __mathlib_zero                           0x08005738   Data           8  qnan.o(.constdata)
    Region$$Table$$Base                      0x080058c4   Number         0  anon$$obj.o(Region$$Table)
    Region$$Table$$Limit                     0x080058e4   Number         0  anon$$obj.o(Region$$Table)
    gain_a                                   0x20000014   Data           4  adc.o(.data)
    gain_b                                   0x20000018   Data           4  adc.o(.data)
    gain_c                                   0x2000001c   Data           4  adc.o(.data)
    offset_ia                                0x20000020   Data           4  adc.o(.data)
    offset_ib                                0x20000024   Data           4  adc.o(.data)
    offset_ic                                0x20000028   Data           4  adc.o(.data)
    volts_to_amps_ratio                      0x2000002c   Data           4  adc.o(.data)
    shunt_resistor                           0x20000030   Data           4  adc.o(.data)
    amp_gain                                 0x20000034   Data           4  adc.o(.data)
    current_a                                0x20000038   Data           4  adc.o(.data)
    current_b                                0x2000003c   Data           4  adc.o(.data)
    __stdout                                 0x20000040   Data           4  usart.o(.data)
    USART_RX_STA                             0x20000044   Data           2  usart.o(.data)
    temp                                     0x20000048   Data           4  usart.o(.data)
    RxBuffer                                 0x2000004c   Data           1  usart.o(.data)
    RxLine                                   0x2000004e   Data           2  usart.o(.data)
    mode                                     0x20000050   Data           4  usart.o(.data)
    sensor_direction                         0x20000054   Data           4  foc.o(.data)
    pole_pairs                               0x20000058   Data           4  foc.o(.data)
    voltage_power_supply                     0x2000005c   Data           4  foc.o(.data)
    Ualpha                                   0x20000060   Data           4  foc.o(.data)
    Ubeta                                    0x20000064   Data           4  foc.o(.data)
    Ua                                       0x20000068   Data           4  foc.o(.data)
    Ub                                       0x2000006c   Data           4  foc.o(.data)
    Uc                                       0x20000070   Data           4  foc.o(.data)
    zero_electric_angle                      0x20000074   Data           4  foc.o(.data)
    shaft_angle                              0x20000078   Data           4  motor.o(.data)
    open_loop_timestamp                      0x2000007c   Data           4  motor.o(.data)
    position                                 0x20000080   Data           4  motor.o(.data)
    velocity                                 0x20000084   Data           4  motor.o(.data)
    current                                  0x20000088   Data           4  motor.o(.data)
    USART_RX_BUF                             0x2000008c   Data         256  usart.o(.bss)
    DataBuff                                 0x2000018c   Data         200  usart.o(.bss)
    PID_Pos                                  0x20000254   Data          40  motor.o(.bss)
    PID_Vel                                  0x2000027c   Data          40  motor.o(.bss)
    PID_Cur                                  0x200002a4   Data          40  motor.o(.bss)
    LPF_current                              0x200002cc   Data          12  lowpass.o(.bss)
    LPF_velocity                             0x200002d8   Data          12  lowpass.o(.bss)
    __libspace_start                         0x200002e4   Data          96  libspace.o(.bss)
    __temporary_stack_top$libspace           0x20000344   Data           0  libspace.o(.bss)



==============================================================================

Memory Map of the image

  Image Entry point : 0x080000ed

  Load Region LR_IROM1 (Base: 0x08000000, Size: 0x0000598c, Max: 0x00010000, ABSOLUTE)

    Execution Region ER_IROM1 (Exec base: 0x08000000, Load base: 0x08000000, Size: 0x00005900, Max: 0x00010000, ABSOLUTE)

    Exec Addr    Load Addr    Size         Type   Attr      Idx    E Section Name        Object

    0x08000000   0x08000000   0x000000ec   Data   RO            3    RESET               startup_stm32f10x_md.o
    0x080000ec   0x080000ec   0x00000008   Code   RO         3851  * !!!main             c_w.l(__main.o)
    0x080000f4   0x080000f4   0x00000034   Code   RO         4245    !!!scatter          c_w.l(__scatter.o)
    0x08000128   0x08000128   0x0000001a   Code   RO         4247    !!handler_copy      c_w.l(__scatter_copy.o)
    0x08000142   0x08000142   0x00000002   PAD
    0x08000144   0x08000144   0x0000001c   Code   RO         4249    !!handler_zi        c_w.l(__scatter_zi.o)
    0x08000160   0x08000160   0x00000000   Code   RO         3846    .ARM.Collect$$_printf_percent$$00000000  c_w.l(_printf_percent.o)
    0x08000160   0x08000160   0x00000006   Code   RO         3845    .ARM.Collect$$_printf_percent$$00000003  c_w.l(_printf_f.o)
    0x08000166   0x08000166   0x00000004   Code   RO         3966    .ARM.Collect$$_printf_percent$$00000017  c_w.l(_printf_percent_end.o)
    0x0800016a   0x0800016a   0x00000002   Code   RO         4116    .ARM.Collect$$libinit$$00000000  c_w.l(libinit.o)
    0x0800016c   0x0800016c   0x00000000   Code   RO         4118    .ARM.Collect$$libinit$$00000002  c_w.l(libinit2.o)
    0x0800016c   0x0800016c   0x00000000   Code   RO         4120    .ARM.Collect$$libinit$$00000004  c_w.l(libinit2.o)
    0x0800016c   0x0800016c   0x00000000   Code   RO         4123    .ARM.Collect$$libinit$$0000000A  c_w.l(libinit2.o)
    0x0800016c   0x0800016c   0x00000000   Code   RO         4125    .ARM.Collect$$libinit$$0000000C  c_w.l(libinit2.o)
    0x0800016c   0x0800016c   0x00000000   Code   RO         4127    .ARM.Collect$$libinit$$0000000E  c_w.l(libinit2.o)
    0x0800016c   0x0800016c   0x00000006   Code   RO         4128    .ARM.Collect$$libinit$$0000000F  c_w.l(libinit2.o)
    0x08000172   0x08000172   0x00000000   Code   RO         4130    .ARM.Collect$$libinit$$00000011  c_w.l(libinit2.o)
    0x08000172   0x08000172   0x00000000   Code   RO         4132    .ARM.Collect$$libinit$$00000013  c_w.l(libinit2.o)
    0x08000172   0x08000172   0x00000000   Code   RO         4134    .ARM.Collect$$libinit$$00000015  c_w.l(libinit2.o)
    0x08000172   0x08000172   0x0000000a   Code   RO         4135    .ARM.Collect$$libinit$$00000016  c_w.l(libinit2.o)
    0x0800017c   0x0800017c   0x00000000   Code   RO         4136    .ARM.Collect$$libinit$$00000017  c_w.l(libinit2.o)
    0x0800017c   0x0800017c   0x00000000   Code   RO         4138    .ARM.Collect$$libinit$$00000019  c_w.l(libinit2.o)
    0x0800017c   0x0800017c   0x00000000   Code   RO         4140    .ARM.Collect$$libinit$$0000001B  c_w.l(libinit2.o)
    0x0800017c   0x0800017c   0x00000000   Code   RO         4142    .ARM.Collect$$libinit$$0000001D  c_w.l(libinit2.o)
    0x0800017c   0x0800017c   0x00000000   Code   RO         4144    .ARM.Collect$$libinit$$0000001F  c_w.l(libinit2.o)
    0x0800017c   0x0800017c   0x00000000   Code   RO         4146    .ARM.Collect$$libinit$$00000021  c_w.l(libinit2.o)
    0x0800017c   0x0800017c   0x00000000   Code   RO         4148    .ARM.Collect$$libinit$$00000023  c_w.l(libinit2.o)
    0x0800017c   0x0800017c   0x00000000   Code   RO         4150    .ARM.Collect$$libinit$$00000025  c_w.l(libinit2.o)
    0x0800017c   0x0800017c   0x00000000   Code   RO         4154    .ARM.Collect$$libinit$$0000002C  c_w.l(libinit2.o)
    0x0800017c   0x0800017c   0x00000000   Code   RO         4156    .ARM.Collect$$libinit$$0000002E  c_w.l(libinit2.o)
    0x0800017c   0x0800017c   0x00000000   Code   RO         4158    .ARM.Collect$$libinit$$00000030  c_w.l(libinit2.o)
    0x0800017c   0x0800017c   0x00000000   Code   RO         4160    .ARM.Collect$$libinit$$00000032  c_w.l(libinit2.o)
    0x0800017c   0x0800017c   0x00000002   Code   RO         4161    .ARM.Collect$$libinit$$00000033  c_w.l(libinit2.o)
    0x0800017e   0x0800017e   0x00000002   Code   RO         4195    .ARM.Collect$$libshutdown$$00000000  c_w.l(libshutdown.o)
    0x08000180   0x08000180   0x00000000   Code   RO         4204    .ARM.Collect$$libshutdown$$00000002  c_w.l(libshutdown2.o)
    0x08000180   0x08000180   0x00000000   Code   RO         4206    .ARM.Collect$$libshutdown$$00000004  c_w.l(libshutdown2.o)
    0x08000180   0x08000180   0x00000000   Code   RO         4209    .ARM.Collect$$libshutdown$$00000007  c_w.l(libshutdown2.o)
    0x08000180   0x08000180   0x00000000   Code   RO         4212    .ARM.Collect$$libshutdown$$0000000A  c_w.l(libshutdown2.o)
    0x08000180   0x08000180   0x00000000   Code   RO         4214    .ARM.Collect$$libshutdown$$0000000C  c_w.l(libshutdown2.o)
    0x08000180   0x08000180   0x00000000   Code   RO         4217    .ARM.Collect$$libshutdown$$0000000F  c_w.l(libshutdown2.o)
    0x08000180   0x08000180   0x00000002   Code   RO         4218    .ARM.Collect$$libshutdown$$00000010  c_w.l(libshutdown2.o)
    0x08000182   0x08000182   0x00000000   Code   RO         3959    .ARM.Collect$$rtentry$$00000000  c_w.l(__rtentry.o)
    0x08000182   0x08000182   0x00000000   Code   RO         4026    .ARM.Collect$$rtentry$$00000002  c_w.l(__rtentry2.o)
    0x08000182   0x08000182   0x00000006   Code   RO         4038    .ARM.Collect$$rtentry$$00000004  c_w.l(__rtentry4.o)
    0x08000188   0x08000188   0x00000000   Code   RO         4028    .ARM.Collect$$rtentry$$00000009  c_w.l(__rtentry2.o)
    0x08000188   0x08000188   0x00000004   Code   RO         4029    .ARM.Collect$$rtentry$$0000000A  c_w.l(__rtentry2.o)
    0x0800018c   0x0800018c   0x00000000   Code   RO         4031    .ARM.Collect$$rtentry$$0000000C  c_w.l(__rtentry2.o)
    0x0800018c   0x0800018c   0x00000008   Code   RO         4032    .ARM.Collect$$rtentry$$0000000D  c_w.l(__rtentry2.o)
    0x08000194   0x08000194   0x00000002   Code   RO         4164    .ARM.Collect$$rtexit$$00000000  c_w.l(rtexit.o)
    0x08000196   0x08000196   0x00000000   Code   RO         4173    .ARM.Collect$$rtexit$$00000002  c_w.l(rtexit2.o)
    0x08000196   0x08000196   0x00000004   Code   RO         4174    .ARM.Collect$$rtexit$$00000003  c_w.l(rtexit2.o)
    0x0800019a   0x0800019a   0x00000006   Code   RO         4175    .ARM.Collect$$rtexit$$00000004  c_w.l(rtexit2.o)
    0x080001a0   0x080001a0   0x00000040   Code   RO            4    .text               startup_stm32f10x_md.o
    0x080001e0   0x080001e0   0x00000002   Code   RO         3817    .text               c_w.l(use_no_semi_2.o)
    0x080001e2   0x080001e2   0x00000002   PAD
    0x080001e4   0x080001e4   0x00000018   Code   RO         3821    .text               c_w.l(noretval__2printf.o)
    0x080001fc   0x080001fc   0x0000010e   Code   RO         3833    .text               c_w.l(__printf_wp.o)
    0x0800030a   0x0800030a   0x00000044   Code   RO         3847    .text               c_w.l(rt_memclr.o)
    0x0800034e   0x0800034e   0x00000006   Code   RO         3849    .text               c_w.l(heapauxi.o)
    0x08000354   0x08000354   0x00000002   Code   RO         3957    .text               c_w.l(use_no_semi.o)
    0x08000356   0x08000356   0x00000016   Code   RO         3960    .text               c_w.l(_rserrno.o)
    0x0800036c   0x0800036c   0x0000041e   Code   RO         3962    .text               c_w.l(_printf_fp_dec.o)
    0x0800078a   0x0800078a   0x00000002   PAD
    0x0800078c   0x0800078c   0x00000024   Code   RO         3964    .text               c_w.l(_printf_char_file.o)
    0x080007b0   0x080007b0   0x0000004e   Code   RO         3967    .text               c_w.l(rt_memclr_w.o)
    0x080007fe   0x080007fe   0x00000002   PAD
    0x08000800   0x08000800   0x00000008   Code   RO         4043    .text               c_w.l(rt_locale_intlibspace.o)
    0x08000808   0x08000808   0x00000008   Code   RO         4048    .text               c_w.l(rt_errno_addr_intlibspace.o)
    0x08000810   0x08000810   0x0000008a   Code   RO         4050    .text               c_w.l(lludiv10.o)
    0x0800089a   0x0800089a   0x00000002   PAD
    0x0800089c   0x0800089c   0x00000030   Code   RO         4052    .text               c_w.l(_printf_char_common.o)
    0x080008cc   0x080008cc   0x00000080   Code   RO         4054    .text               c_w.l(_printf_fp_infnan.o)
    0x0800094c   0x0800094c   0x000000e4   Code   RO         4056    .text               c_w.l(bigflt0.o)
    0x08000a30   0x08000a30   0x00000008   Code   RO         4081    .text               c_w.l(ferror.o)
    0x08000a38   0x08000a38   0x00000008   Code   RO         4100    .text               c_w.l(libspace.o)
    0x08000a40   0x08000a40   0x0000004a   Code   RO         4103    .text               c_w.l(sys_stackheap_outer.o)
    0x08000a8a   0x08000a8a   0x00000012   Code   RO         4107    .text               c_w.l(exit.o)
    0x08000a9c   0x08000a9c   0x00000080   Code   RO         4109    .text               c_w.l(strcmpv7m.o)
    0x08000b1c   0x08000b1c   0x0000003e   Code   RO         4059    CL$$btod_d2e        c_w.l(btod.o)
    0x08000b5a   0x08000b5a   0x00000046   Code   RO         4061    CL$$btod_d2e_denorm_low  c_w.l(btod.o)
    0x08000ba0   0x08000ba0   0x00000060   Code   RO         4060    CL$$btod_d2e_norm_op1  c_w.l(btod.o)
    0x08000c00   0x08000c00   0x00000338   Code   RO         4069    CL$$btod_div_common  c_w.l(btod.o)
    0x08000f38   0x08000f38   0x000000dc   Code   RO         4066    CL$$btod_e2e        c_w.l(btod.o)
    0x08001014   0x08001014   0x0000002a   Code   RO         4063    CL$$btod_ediv       c_w.l(btod.o)
    0x0800103e   0x0800103e   0x0000002a   Code   RO         4062    CL$$btod_emul       c_w.l(btod.o)
    0x08001068   0x08001068   0x00000244   Code   RO         4068    CL$$btod_mult_common  c_w.l(btod.o)
    0x080012ac   0x080012ac   0x00000016   Code   RO          202    i.ADC_Cmd           stm32f10x_adc.o
    0x080012c2   0x080012c2   0x00000002   PAD
    0x080012c4   0x080012c4   0x0000005c   Code   RO          204    i.ADC_DeInit        stm32f10x_adc.o
    0x08001320   0x08001320   0x00000014   Code   RO          210    i.ADC_GetCalibrationStatus  stm32f10x_adc.o
    0x08001334   0x08001334   0x00000008   Code   RO          211    i.ADC_GetConversionValue  stm32f10x_adc.o
    0x0800133c   0x0800133c   0x00000012   Code   RO          213    i.ADC_GetFlagStatus  stm32f10x_adc.o
    0x0800134e   0x0800134e   0x00000014   Code   RO          216    i.ADC_GetResetCalibrationStatus  stm32f10x_adc.o
    0x08001362   0x08001362   0x00000002   PAD
    0x08001364   0x08001364   0x00000050   Code   RO          220    i.ADC_Init          stm32f10x_adc.o
    0x080013b4   0x080013b4   0x0000008c   Code   RO         3399    i.ADC_Init_         adc.o
    0x08001440   0x08001440   0x000000b8   Code   RO          224    i.ADC_RegularChannelConfig  stm32f10x_adc.o
    0x080014f8   0x080014f8   0x0000000a   Code   RO          225    i.ADC_ResetCalibration  stm32f10x_adc.o
    0x08001502   0x08001502   0x00000016   Code   RO          227    i.ADC_SoftwareStartConvCmd  stm32f10x_adc.o
    0x08001518   0x08001518   0x0000000a   Code   RO          229    i.ADC_StartCalibration  stm32f10x_adc.o
    0x08001522   0x08001522   0x00000002   PAD
    0x08001524   0x08001524   0x00000078   Code   RO         3462    i.As5600_Init       as5600.o
    0x0800159c   0x0800159c   0x00000004   Code   RO         3336    i.BusFault_Handler  stm32f10x_it.o
    0x080015a0   0x080015a0   0x00000060   Code   RO         3400    i.CurrSense_getPhaseCurrents  adc.o
    0x08001600   0x08001600   0x0000006c   Code   RO         3401    i.CurrSense_init    adc.o
    0x0800166c   0x0800166c   0x00000074   Code   RO         3402    i.Current_calibrateOffsets  adc.o
    0x080016e0   0x080016e0   0x00000002   Code   RO         3337    i.DebugMon_Handler  stm32f10x_it.o
    0x080016e2   0x080016e2   0x00000018   Code   RO         3546    i.Delay_ms          delay.o
    0x080016fa   0x080016fa   0x0000002e   Code   RO         3548    i.Delay_us          delay.o
    0x08001728   0x08001728   0x00000044   Code   RO         3570    i.GPIO_En_init      pwm.o
    0x0800176c   0x0800176c   0x00000116   Code   RO         1347    i.GPIO_Init         stm32f10x_gpio.o
    0x08001882   0x08001882   0x00000002   PAD
    0x08001884   0x08001884   0x00000090   Code   RO         1349    i.GPIO_PinRemapConfig  stm32f10x_gpio.o
    0x08001914   0x08001914   0x00000004   Code   RO         1355    i.GPIO_SetBits      stm32f10x_gpio.o
    0x08001918   0x08001918   0x00000050   Code   RO         3469    i.Get_Angel_Notrack  as5600.o
    0x08001968   0x08001968   0x00000038   Code   RO         3403    i.Get_Current       adc.o
    0x080019a0   0x080019a0   0x00000188   Code   RO         3603    i.Get_Data          usart.o
    0x08001b28   0x08001b28   0x00000004   Code   RO         3338    i.HardFault_Handler  stm32f10x_it.o
    0x08001b2c   0x08001b2c   0x00000018   Code   RO         1464    i.I2C_Cmd           stm32f10x_i2c.o
    0x08001b44   0x08001b44   0x00000018   Code   RO         1472    i.I2C_GenerateSTOP  stm32f10x_i2c.o
    0x08001b5c   0x08001b5c   0x000000ec   Code   RO         1478    i.I2C_Init          stm32f10x_i2c.o
    0x08001c48   0x08001c48   0x00000100   Code   RO         3473    i.I2C_getRawCount   as5600.o
    0x08001d48   0x08001d48   0x00000030   Code   RO         3791    i.LOWPass_Init      lowpass.o
    0x08001d78   0x08001d78   0x000000ec   Code   RO         3792    i.LowPassFilter_operator  lowpass.o
    0x08001e64   0x08001e64   0x00000004   Code   RO         3339    i.MemManage_Handler  stm32f10x_it.o
    0x08001e68   0x08001e68   0x000000fc   Code   RO         3709    i.Motor_init        motor.o
    0x08001f64   0x08001f64   0x00000002   Code   RO         3340    i.NMI_Handler       stm32f10x_it.o
    0x08001f66   0x08001f66   0x00000002   PAD
    0x08001f68   0x08001f68   0x00000070   Code   RO          137    i.NVIC_Init         misc.o
    0x08001fd8   0x08001fd8   0x00000014   Code   RO          138    i.NVIC_PriorityGroupConfig  misc.o
    0x08001fec   0x08001fec   0x000001e0   Code   RO         3604    i.PID_Adjust        usart.o
    0x080021cc   0x080021cc   0x00000014   Code   RO         3710    i.PID_Cur_Set       motor.o
    0x080021e0   0x080021e0   0x00000014   Code   RO         3711    i.PID_Pos_Set       motor.o
    0x080021f4   0x080021f4   0x00000014   Code   RO         3712    i.PID_Vel_Set       motor.o
    0x08002208   0x08002208   0x00000002   Code   RO         3341    i.PendSV_Handler    stm32f10x_it.o
    0x0800220a   0x0800220a   0x00000002   PAD
    0x0800220c   0x0800220c   0x000000bc   Code   RO         3571    i.Pwm_Init          pwm.o
    0x080022c8   0x080022c8   0x00000018   Code   RO         1773    i.RCC_ADCCLKConfig  stm32f10x_rcc.o
    0x080022e0   0x080022e0   0x00000020   Code   RO         1775    i.RCC_APB1PeriphClockCmd  stm32f10x_rcc.o
    0x08002300   0x08002300   0x00000020   Code   RO         1776    i.RCC_APB1PeriphResetCmd  stm32f10x_rcc.o
    0x08002320   0x08002320   0x00000020   Code   RO         1777    i.RCC_APB2PeriphClockCmd  stm32f10x_rcc.o
    0x08002340   0x08002340   0x00000020   Code   RO         1778    i.RCC_APB2PeriphResetCmd  stm32f10x_rcc.o
    0x08002360   0x08002360   0x000000d4   Code   RO         1785    i.RCC_GetClocksFreq  stm32f10x_rcc.o
    0x08002434   0x08002434   0x00000002   Code   RO         3342    i.SVC_Handler       stm32f10x_it.o
    0x08002436   0x08002436   0x00000008   Code   RO           24    i.SetSysClock       system_stm32f10x.o
    0x0800243e   0x0800243e   0x00000002   PAD
    0x08002440   0x08002440   0x000000e0   Code   RO           25    i.SetSysClockTo72   system_stm32f10x.o
    0x08002520   0x08002520   0x0000003c   Code   RO         3572    i.Set_Pwm           pwm.o
    0x0800255c   0x0800255c   0x00000002   Code   RO         3343    i.SysTick_Handler   stm32f10x_it.o
    0x0800255e   0x0800255e   0x00000002   PAD
    0x08002560   0x08002560   0x00000060   Code   RO           27    i.SystemInit        system_stm32f10x.o
    0x080025c0   0x080025c0   0x00000018   Code   RO         2409    i.TIM_ARRPreloadConfig  stm32f10x_tim.o
    0x080025d8   0x080025d8   0x00000018   Code   RO         2421    i.TIM_Cmd           stm32f10x_tim.o
    0x080025f0   0x080025f0   0x0000001e   Code   RO         2423    i.TIM_CtrlPWMOutputs  stm32f10x_tim.o
    0x0800260e   0x0800260e   0x00000002   PAD
    0x08002610   0x08002610   0x00000098   Code   RO         2450    i.TIM_OC1Init       stm32f10x_tim.o
    0x080026a8   0x080026a8   0x00000012   Code   RO         2453    i.TIM_OC1PreloadConfig  stm32f10x_tim.o
    0x080026ba   0x080026ba   0x00000002   PAD
    0x080026bc   0x080026bc   0x000000a4   Code   RO         2455    i.TIM_OC2Init       stm32f10x_tim.o
    0x08002760   0x08002760   0x0000001a   Code   RO         2458    i.TIM_OC2PreloadConfig  stm32f10x_tim.o
    0x0800277a   0x0800277a   0x00000002   PAD
    0x0800277c   0x0800277c   0x000000a0   Code   RO         2460    i.TIM_OC3Init       stm32f10x_tim.o
    0x0800281c   0x0800281c   0x00000012   Code   RO         2463    i.TIM_OC3PreloadConfig  stm32f10x_tim.o
    0x0800282e   0x0800282e   0x00000004   Code   RO         2482    i.TIM_SetCompare1   stm32f10x_tim.o
    0x08002832   0x08002832   0x00000004   Code   RO         2483    i.TIM_SetCompare2   stm32f10x_tim.o
    0x08002836   0x08002836   0x00000004   Code   RO         2484    i.TIM_SetCompare3   stm32f10x_tim.o
    0x0800283a   0x0800283a   0x00000002   PAD
    0x0800283c   0x0800283c   0x000000a4   Code   RO         2492    i.TIM_TimeBaseInit  stm32f10x_tim.o
    0x080028e0   0x080028e0   0x00000070   Code   RO         3605    i.USART2_IRQHandler  usart.o
    0x08002950   0x08002950   0x0000001e   Code   RO         2957    i.USART_ClearITPendingBit  stm32f10x_usart.o
    0x0800296e   0x0800296e   0x00000018   Code   RO         2960    i.USART_Cmd         stm32f10x_usart.o
    0x08002986   0x08002986   0x00000054   Code   RO         2964    i.USART_GetITStatus  stm32f10x_usart.o
    0x080029da   0x080029da   0x0000004a   Code   RO         2966    i.USART_ITConfig    stm32f10x_usart.o
    0x08002a24   0x08002a24   0x000000d8   Code   RO         2967    i.USART_Init        stm32f10x_usart.o
    0x08002afc   0x08002afc   0x0000000a   Code   RO         2974    i.USART_ReceiveData  stm32f10x_usart.o
    0x08002b06   0x08002b06   0x00000004   Code   RO         3344    i.UsageFault_Handler  stm32f10x_it.o
    0x08002b0a   0x08002b0a   0x00000028   Code   RO         4096    i.__ARM_fpclassify  m_ws.l(fpclassify.o)
    0x08002b32   0x08002b32   0x00000002   PAD
    0x08002b34   0x08002b34   0x00000388   Code   RO         4014    i.__ieee754_rem_pio2  m_ws.l(rred.o)
    0x08002ebc   0x08002ebc   0x000000fc   Code   RO         3996    i.__kernel_cos      m_ws.l(cos_i.o)
    0x08002fb8   0x08002fb8   0x000000aa   Code   RO         4098    i.__kernel_poly     m_ws.l(poly.o)
    0x08003062   0x08003062   0x00000002   PAD
    0x08003064   0x08003064   0x000000ec   Code   RO         4019    i.__kernel_sin      m_ws.l(sin_i.o)
    0x08003150   0x08003150   0x00000006   Code   RO         4000    i.__mathlib_dbl_infnan  m_ws.l(dunder.o)
    0x08003156   0x08003156   0x00000004   Code   RO         4001    i.__mathlib_dbl_infnan2  m_ws.l(dunder.o)
    0x0800315a   0x0800315a   0x0000000c   Code   RO         4002    i.__mathlib_dbl_invalid  m_ws.l(dunder.o)
    0x08003166   0x08003166   0x00000002   PAD
    0x08003168   0x08003168   0x00000010   Code   RO         4005    i.__mathlib_dbl_underflow  m_ws.l(dunder.o)
    0x08003178   0x08003178   0x00000040   Code   RO         3656    i._electricalAngle  foc.o
    0x080031b8   0x080031b8   0x0000000e   Code   RO         3835    i._is_digit         c_w.l(__printf_wp.o)
    0x080031c6   0x080031c6   0x00000002   PAD
    0x080031c8   0x080031c8   0x00000054   Code   RO         3657    i._normalizeAngle   foc.o
    0x0800321c   0x0800321c   0x00000044   Code   RO         3404    i._readADCVoltage   adc.o
    0x08003260   0x08003260   0x00000004   Code   RO         3606    i._sys_exit         usart.o
    0x08003264   0x08003264   0x00000034   Code   RO         3405    i.analogRead        adc.o
    0x08003298   0x08003298   0x00000220   Code   RO         3987    i.atan              m_ws.l(atan.o)
    0x080034b8   0x080034b8   0x00000180   Code   RO         3918    i.atan2             m_ws.l(atan2.o)
    0x08003638   0x08003638   0x00000120   Code   RO         3406    i.cal_Iq_Id         adc.o
    0x08003758   0x08003758   0x0000009c   Code   RO         3926    i.cos               m_ws.l(cos.o)
    0x080037f4   0x080037f4   0x00000094   Code   RO         3934    i.fmod              m_ws.l(fmod.o)
    0x08003888   0x08003888   0x0000001c   Code   RO         3607    i.fputc             usart.o
    0x080038a4   0x080038a4   0x000000e4   Code   RO         3196    i.main              main.o
    0x08003988   0x08003988   0x00000430   Code   RO         3658    i.setPhaseVoltage   foc.o
    0x08003db8   0x08003db8   0x000000a0   Code   RO         3942    i.sin               m_ws.l(sin.o)
    0x08003e58   0x08003e58   0x0000004c   Code   RO         3950    i.sqrt              m_ws.l(sqrt.o)
    0x08003ea4   0x08003ea4   0x000000bc   Code   RO         3608    i.uart_init         usart.o
    0x08003f60   0x08003f60   0x00000118   Code   RO         3718    i.velocityOpenloop  motor.o
    0x08004078   0x08004078   0x0000002c   Code   RO         4086    locale$$code        c_w.l(lc_numeric_c.o)
    0x080040a4   0x080040a4   0x00000062   Code   RO         3853    x$fpl$d2f           fz_ws.l(d2f.o)
    0x08004106   0x08004106   0x00000002   PAD
    0x08004108   0x08004108   0x00000150   Code   RO         3855    x$fpl$dadd          fz_ws.l(daddsub_clz.o)
    0x08004258   0x08004258   0x00000010   Code   RO         4162    x$fpl$dcheck1       fz_ws.l(dcheck1.o)
    0x08004268   0x08004268   0x00000018   Code   RO         3969    x$fpl$dcmpinf       fz_ws.l(dcmpi.o)
    0x08004280   0x08004280   0x000002b0   Code   RO         3862    x$fpl$ddiv          fz_ws.l(ddiv.o)
    0x08004530   0x08004530   0x0000005e   Code   RO         4088    x$fpl$dfix          fz_ws.l(dfix.o)
    0x0800458e   0x0800458e   0x00000002   PAD
    0x08004590   0x08004590   0x0000005a   Code   RO         3865    x$fpl$dfixu         fz_ws.l(dfixu.o)
    0x080045ea   0x080045ea   0x0000002e   Code   RO         3870    x$fpl$dflt          fz_ws.l(dflt_clz.o)
    0x08004618   0x08004618   0x00000026   Code   RO         3869    x$fpl$dfltu         fz_ws.l(dflt_clz.o)
    0x0800463e   0x0800463e   0x00000002   PAD
    0x08004640   0x08004640   0x00000078   Code   RO         3875    x$fpl$dleqf         fz_ws.l(dleqf.o)
    0x080046b8   0x080046b8   0x00000154   Code   RO         3877    x$fpl$dmul          fz_ws.l(dmul.o)
    0x0800480c   0x0800480c   0x0000009c   Code   RO         3971    x$fpl$dnaninf       fz_ws.l(dnaninf.o)
    0x080048a8   0x080048a8   0x00000150   Code   RO         3973    x$fpl$drem          fz_ws.l(drem_clz.o)
    0x080049f8   0x080049f8   0x0000000c   Code   RO         3975    x$fpl$dretinf       fz_ws.l(dretinf.o)
    0x08004a04   0x08004a04   0x0000006c   Code   RO         3879    x$fpl$drleqf        fz_ws.l(drleqf.o)
    0x08004a70   0x08004a70   0x00000016   Code   RO         3856    x$fpl$drsb          fz_ws.l(daddsub_clz.o)
    0x08004a86   0x08004a86   0x00000002   PAD
    0x08004a88   0x08004a88   0x000001cc   Code   RO         3977    x$fpl$dsqrt         fz_ws.l(dsqrt_noumaal.o)
    0x08004c54   0x08004c54   0x000001d4   Code   RO         3857    x$fpl$dsub          fz_ws.l(daddsub_clz.o)
    0x08004e28   0x08004e28   0x00000056   Code   RO         3881    x$fpl$f2d           fz_ws.l(f2d.o)
    0x08004e7e   0x08004e7e   0x00000002   PAD
    0x08004e80   0x08004e80   0x000000c4   Code   RO         3883    x$fpl$fadd          fz_ws.l(faddsub_clz.o)
    0x08004f44   0x08004f44   0x00000018   Code   RO         3979    x$fpl$fcmpinf       fz_ws.l(fcmpi.o)
    0x08004f5c   0x08004f5c   0x00000184   Code   RO         3890    x$fpl$fdiv          fz_ws.l(fdiv.o)
    0x080050e0   0x080050e0   0x00000068   Code   RO         3893    x$fpl$feqf          fz_ws.l(feqf.o)
    0x08005148   0x08005148   0x00000036   Code   RO         3895    x$fpl$ffix          fz_ws.l(ffix.o)
    0x0800517e   0x0800517e   0x00000002   PAD
    0x08005180   0x08005180   0x0000003e   Code   RO         3899    x$fpl$ffixu         fz_ws.l(ffixu.o)
    0x080051be   0x080051be   0x00000002   PAD
    0x080051c0   0x080051c0   0x00000030   Code   RO         3904    x$fpl$fflt          fz_ws.l(fflt_clz.o)
    0x080051f0   0x080051f0   0x00000026   Code   RO         3903    x$fpl$ffltu         fz_ws.l(fflt_clz.o)
    0x08005216   0x08005216   0x00000002   PAD
    0x08005218   0x08005218   0x00000068   Code   RO         3909    x$fpl$fleqf         fz_ws.l(fleqf.o)
    0x08005280   0x08005280   0x00000102   Code   RO         3911    x$fpl$fmul          fz_ws.l(fmul.o)
    0x08005382   0x08005382   0x0000008c   Code   RO         3981    x$fpl$fnaninf       fz_ws.l(fnaninf.o)
    0x0800540e   0x0800540e   0x0000000a   Code   RO         3983    x$fpl$fretinf       fz_ws.l(fretinf.o)
    0x08005418   0x08005418   0x00000062   Code   RO         3913    x$fpl$frleqf        fz_ws.l(frleqf.o)
    0x0800547a   0x0800547a   0x00000014   Code   RO         3884    x$fpl$frsb          fz_ws.l(faddsub_clz.o)
    0x0800548e   0x0800548e   0x00000002   PAD
    0x08005490   0x08005490   0x000000ea   Code   RO         3885    x$fpl$fsub          fz_ws.l(faddsub_clz.o)
    0x0800557a   0x0800557a   0x00000004   Code   RO         3915    x$fpl$printf1       fz_ws.l(printf1.o)
    0x0800557e   0x0800557e   0x00000064   Code   RO         4170    x$fpl$retnan        fz_ws.l(retnan.o)
    0x080055e2   0x080055e2   0x0000005c   Code   RO         4094    x$fpl$scalbn        fz_ws.l(scalbn.o)
    0x0800563e   0x0800563e   0x00000030   Code   RO         4183    x$fpl$trapveneer    fz_ws.l(trapv.o)
    0x0800566e   0x0800566e   0x00000000   Code   RO         3985    x$fpl$usenofp       fz_ws.l(usenofp.o)
    0x0800566e   0x0800566e   0x00000002   PAD
    0x08005670   0x08005670   0x00000098   Data   RO         3988    .constdata          m_ws.l(atan.o)
    0x08005708   0x08005708   0x00000030   Data   RO         3997    .constdata          m_ws.l(cos_i.o)
    0x08005738   0x08005738   0x00000008   Data   RO         4013    .constdata          m_ws.l(qnan.o)
    0x08005740   0x08005740   0x000000c8   Data   RO         4016    .constdata          m_ws.l(rred.o)
    0x08005808   0x08005808   0x00000028   Data   RO         4020    .constdata          m_ws.l(sin_i.o)
    0x08005830   0x08005830   0x00000094   Data   RO         4057    .constdata          c_w.l(bigflt0.o)
    0x080058c4   0x080058c4   0x00000020   Data   RO         4243    Region$$Table       anon$$obj.o
    0x080058e4   0x080058e4   0x0000001c   Data   RO         4085    locale$$data        c_w.l(lc_numeric_c.o)


    Execution Region RW_IRAM1 (Exec base: 0x20000000, Load base: 0x08005900, Size: 0x00000948, Max: 0x00005000, ABSOLUTE)

    Exec Addr    Load Addr    Size         Type   Attr      Idx    E Section Name        Object

    0x20000000   0x08005900   0x00000014   Data   RW         1805    .data               stm32f10x_rcc.o
    0x20000014   0x08005914   0x0000002c   Data   RW         3407    .data               adc.o
    0x20000040   0x08005940   0x00000014   Data   RW         3610    .data               usart.o
    0x20000054   0x08005954   0x00000024   Data   RW         3659    .data               foc.o
    0x20000078   0x08005978   0x00000014   Data   RW         3720    .data               motor.o
    0x2000008c        -       0x000001c8   Zero   RW         3609    .bss                usart.o
    0x20000254        -       0x00000078   Zero   RW         3719    .bss                motor.o
    0x200002cc        -       0x00000018   Zero   RW         3793    .bss                lowpass.o
    0x200002e4        -       0x00000060   Zero   RW         4101    .bss                c_w.l(libspace.o)
    0x20000344   0x0800598c   0x00000004   PAD
    0x20000348        -       0x00000200   Zero   RW            2    HEAP                startup_stm32f10x_md.o
    0x20000548        -       0x00000400   Zero   RW            1    STACK               startup_stm32f10x_md.o


==============================================================================

Image component sizes


      Code (inc. data)   RO Data    RW Data    ZI Data      Debug   Object Name

       924        116          0         44          0       4651   adc.o
       456         38          0          0          0       2988   as5600.o
         0          0          0          0          0       4516   core_cm3.o
        70          0          0          0          0        858   delay.o
      1220         84          0         36          0       2972   foc.o
       284         40          0          0         24       1943   lowpass.o
       228         64          0          0          0     234919   main.o
       132         22          0          0          0     204547   misc.o
       592         84          0         20        120       3250   motor.o
         0          0          0          0          0        500   pid.o
       316         26          0          0          0       1536   pwm.o
        64         26        236          0       1536        836   startup_stm32f10x_md.o
       486         24          0          0          0      16634   stm32f10x_adc.o
       426          6          0          0          0      11293   stm32f10x_gpio.o
       284         14          0          0          0      11092   stm32f10x_i2c.o
        26          0          0          0          0       3370   stm32f10x_it.o
       364         50          0         20          0      14195   stm32f10x_rcc.o
       792         82          0          0          0      27574   stm32f10x_tim.o
       438          6          0          0          0      11048   stm32f10x_usart.o
       328         28          0          0          0      38909   system_stm32f10x.o
      1204         78          0         20        456       5539   usart.o

    ----------------------------------------------------------------------
      8658        788        268        140       2136     603170   Object Totals
         0          0         32          0          0          0   (incl. Generated)
        24          0          0          0          0          0   (incl. Padding)

    ----------------------------------------------------------------------

      Code (inc. data)   RO Data    RW Data    ZI Data      Debug   Library Member Name

         8          0          0          0          0         68   __main.o
       284          0          0          0          0        156   __printf_wp.o
         0          0          0          0          0          0   __rtentry.o
        12          0          0          0          0          0   __rtentry2.o
         6          0          0          0          0          0   __rtentry4.o
        52          8          0          0          0          0   __scatter.o
        26          0          0          0          0          0   __scatter_copy.o
        28          0          0          0          0          0   __scatter_zi.o
        48          6          0          0          0         96   _printf_char_common.o
        36          4          0          0          0         80   _printf_char_file.o
         6          0          0          0          0          0   _printf_f.o
      1054          0          0          0          0        216   _printf_fp_dec.o
       128         16          0          0          0         84   _printf_fp_infnan.o
         0          0          0          0          0          0   _printf_percent.o
         4          0          0          0          0          0   _printf_percent_end.o
        22          0          0          0          0        100   _rserrno.o
       228          4        148          0          0         96   bigflt0.o
      1936        128          0          0          0        672   btod.o
        18          0          0          0          0         80   exit.o
         8          0          0          0          0         68   ferror.o
         6          0          0          0          0        152   heapauxi.o
        44         10         28          0          0         76   lc_numeric_c.o
         2          0          0          0          0          0   libinit.o
        18          0          0          0          0          0   libinit2.o
         2          0          0          0          0          0   libshutdown.o
         2          0          0          0          0          0   libshutdown2.o
         8          4          0          0         96         68   libspace.o
       138          0          0          0          0         80   lludiv10.o
        24          4          0          0          0         84   noretval__2printf.o
         8          4          0          0          0         68   rt_errno_addr_intlibspace.o
         8          4          0          0          0         68   rt_locale_intlibspace.o
        68          0          0          0          0         68   rt_memclr.o
        78          0          0          0          0         80   rt_memclr_w.o
         2          0          0          0          0          0   rtexit.o
        10          0          0          0          0          0   rtexit2.o
       128          0          0          0          0         68   strcmpv7m.o
        74          0          0          0          0         80   sys_stackheap_outer.o
         2          0          0          0          0         68   use_no_semi.o
         2          0          0          0          0         68   use_no_semi_2.o
        98          4          0          0          0         92   d2f.o
       826         16          0          0          0        348   daddsub_clz.o
        16          4          0          0          0         68   dcheck1.o
        24          0          0          0          0         68   dcmpi.o
       688        140          0          0          0        208   ddiv.o
        94          4          0          0          0         92   dfix.o
        90          4          0          0          0         92   dfixu.o
        84          0          0          0          0        136   dflt_clz.o
       120          4          0          0          0         92   dleqf.o
       340         12          0          0          0        104   dmul.o
       156          4          0          0          0         92   dnaninf.o
       336         12          0          0          0         88   drem_clz.o
        12          0          0          0          0         68   dretinf.o
       108          0          0          0          0         80   drleqf.o
       460         56          0          0          0        120   dsqrt_noumaal.o
        86          4          0          0          0         84   f2d.o
       450          8          0          0          0        236   faddsub_clz.o
        24          0          0          0          0         68   fcmpi.o
       388         76          0          0          0         96   fdiv.o
       104          4          0          0          0         84   feqf.o
        54          4          0          0          0         84   ffix.o
        62          4          0          0          0         84   ffixu.o
        86          0          0          0          0        136   fflt_clz.o
       104          4          0          0          0         84   fleqf.o
       258          4          0          0          0         84   fmul.o
       140          4          0          0          0         84   fnaninf.o
        10          0          0          0          0         68   fretinf.o
        98          0          0          0          0         68   frleqf.o
         4          0          0          0          0         68   printf1.o
       100          0          0          0          0         68   retnan.o
        92          0          0          0          0         68   scalbn.o
        48          0          0          0          0         68   trapv.o
         0          0          0          0          0          0   usenofp.o
       544         70        152          0          0        124   atan.o
       384         38          0          0          0        144   atan2.o
       156          8          0          0          0        104   cos.o
       252         22         48          0          0        124   cos_i.o
        38          6          0          0          0        272   dunder.o
       148          4          0          0          0         88   fmod.o
        40          0          0          0          0         68   fpclassify.o
       170          0          0          0          0         96   poly.o
         0          0          8          0          0          0   qnan.o
       904         76        200          0          0        140   rred.o
       160         10          0          0          0        108   sin.o
       236         12         40          0          0        128   sin_i.o
        76          0          0          0          0         84   sqrt.o

    ----------------------------------------------------------------------
     13234        810        624          0        100       7504   Library Totals
        38          0          0          0          4          0   (incl. Padding)

    ----------------------------------------------------------------------

      Code (inc. data)   RO Data    RW Data    ZI Data      Debug   Library Name

      4528        192        176          0         96       2744   c_w.l
      5560        372          0          0          0       3280   fz_ws.l
      3108        246        448          0          0       1480   m_ws.l

    ----------------------------------------------------------------------
     13234        810        624          0        100       7504   Library Totals

    ----------------------------------------------------------------------

==============================================================================


      Code (inc. data)   RO Data    RW Data    ZI Data      Debug   

     21892       1598        892        140       2236     602038   Grand Totals
     21892       1598        892        140       2236     602038   ELF Image Totals
     21892       1598        892        140          0          0   ROM Totals

==============================================================================

    Total RO  Size (Code + RO Data)                22784 (  22.25kB)
    Total RW  Size (RW Data + ZI Data)              2376 (   2.32kB)
    Total ROM Size (Code + RO Data + RW Data)      22924 (  22.39kB)

==============================================================================

