<html>
<body>
<pre>
<h1>礦ision Build Log</h1>
<h2>Tool Versions:</h2>
IDE-Version: μVision V5.24.2.0
Copyright (C) 2017 ARM Ltd and ARM Germany GmbH. All rights reserved.
License Information: 1 ouyang, 1, LIC=KRMW3-A4TSJ-12WLE-5G3QY-7XGRG-LGU74
 
Tool Versions:
Toolchain:       MDK-ARM Plus  Version: 5.24.1
Toolchain Path:  F:\51means\C51\ARM\ARMCC\Bin
C Compiler:      Armcc.exe V5.06 update 5 (build 528)
Assembler:       Armasm.exe V5.06 update 5 (build 528)
Linker/Locator:  ArmLink.exe V5.06 update 5 (build 528)
Library Manager: ArmAr.exe V5.06 update 5 (build 528)
Hex Converter:   FromElf.exe V5.06 update 5 (build 528)
CPU DLL:         SARMCM3.DLL V5.24.1
Dialog DLL:      DCM.DLL V1.16.0.0
Target DLL:      STLink\ST-LINKIII-KEIL_SWO.dll V3.0.1.0
Dialog DLL:      TCM.DLL V1.32.0.0
 
<h2>Project:</h2>
D:\桌面\电机驱动\Motor\Project.uvprojx
Project File Date:  05/26/2024

<h2>Output:</h2>
*** Using Compiler 'V5.06 update 5 (build 528)', folder: 'F:\51means\C51\ARM\ARMCC\Bin'
Build target 'Target 1'
compiling main.c...
.\Hardware\Pwm.h(9): warning:  #1295-D: Deprecated declaration Pwm_Init - give arg types
  void Pwm_Init();
.\Hardware\Pwm.h(10): warning:  #1295-D: Deprecated declaration GPIO_En_init - give arg types
  void GPIO_En_init();
.\Foc\FOC.h(25): warning:  #1295-D: Deprecated declaration _electricalAngle - give arg types
  float _electricalAngle();
.\Foc\Lowpass.h(23): warning:  #1-D: last line of file ends without a newline
  #endif
.\Hardware\Adc.h(16): warning:  #1295-D: Deprecated declaration CurrSense_init - give arg types
  void CurrSense_init();
.\Hardware\Adc.h(17): warning:  #1295-D: Deprecated declaration Get_Current - give arg types
  float Get_Current();
.\Hardware\Adc.h(19): warning:  #1295-D: Deprecated declaration CurrSense_getPhaseCurrents - give arg types
  void CurrSense_getPhaseCurrents();
.\Foc\Motor.h(11): warning:  #1295-D: Deprecated declaration Motor_init - give arg types
  void Motor_init();
.\Foc\Lowpass.h(19): warning:  #1295-D: Deprecated declaration LOWPass_Init - give arg types
  void LOWPass_Init();
.\Foc\Lowpass.h(23): warning:  #1-D: last line of file ends without a newline
  #endif
.\Hardware\AS5600.h(33): warning:  #1295-D: Deprecated declaration As5600_Init - give arg types
  void As5600_Init();
.\Hardware\AS5600.h(34): warning:  #1295-D: Deprecated declaration Get_Angel - give arg types
  float Get_Angel();
.\Hardware\AS5600.h(35): warning:  #1295-D: Deprecated declaration Get_Velocity - give arg types
  float Get_Velocity();
.\Hardware\AS5600.h(36): warning:  #1295-D: Deprecated declaration Get_Angel_Notrack - give arg types
  float Get_Angel_Notrack();
.\Hardware\AS5600.h(37): warning:  #1295-D: Deprecated declaration Get_Velocity2 - give arg types
  float Get_Velocity2();
User\main.c: 15 warnings, 0 errors
linking...
Program Size: Code=21892 RO-data=892 RW-data=140 ZI-data=2236  
".\Objects\Project.axf" - 0 Error(s), 15 Warning(s).

<h2>Software Packages used:</h2>

Package Vendor: Keil
                http://www.keil.com/pack/Keil.STM32F1xx_DFP.2.2.0.pack
                Keil.STM32F1xx_DFP.2.2.0
                STMicroelectronics STM32F1 Series Device Support, Drivers and Examples

<h2>Collection of Component include folders:</h2>
  .\RTE\_Target_1
  F:\51means\C51\ARM\PACK\Keil\STM32F1xx_DFP\2.2.0\Device\Include

<h2>Collection of Component Files used:</h2>
Build Time Elapsed:  00:00:01
</pre>
</body>
</html>
